{
 "n_pos": 289,
 "n_seg": 344,
 "n_neg": 1126,
 "auprc_M1": 0.2815389447181043,
 "auprc_M2": 0.20723386644916478,
 "residue_base_rate": 0.018690716076080013,
 "M0_residue_precision": 0.3272483671076872,
 "M0_residue_recall": 0.5138048908756245,
 "segF1_M0": 0.5457571165710574,
 "segF1_M1": 0.4536326623302892,
 "segF1_M2": 0.3561377680297249,
 "thr_M1_folds": [
  3.7012399652429697,
  3.1798073503732915,
  3.6278099545768088,
  3.191805850327748,
  3.769335842483992
 ],
 "thr_M2_folds": [
  5.0,
  6.0,
  6.0,
  6.0,
  6.0
 ],
 "recall_M0": 0.7063953488372093,
 "precision_M0": 0.4446428571428571,
 "recall_M1": 0.45930232558139533,
 "precision_M1": 0.4481012658227848,
 "recall_M2": 0.3691860465116279,
 "precision_M2": 0.343980343980344,
 "dAUPRC_M1_M2": 0.07430507826893953,
 "dAUPRC_ci": [
  0.0578814255541218,
  0.09241295100045002
 ],
 "dF1_M1_M0": -0.0921244542407682,
 "dF1_ci": [
  -0.14155376931793687,
  -0.04372619122758707
 ],
 "neg_flag_M1": 0.17406749555950266,
 "neg_flag_M0": 0.40142095914742454,
 "neg_flag_M2": 0.13854351687388988,
 "gates": {
  "G1": true,
  "G2": false,
  "G3": true
 }
}
