{
 "n": 3376,
 "n_amp": 1216,
 "n_groups": 830,
 "largest_group": 272,
 "auroc_R": 0.7780871177509747,
 "auprc_R": 0.7002328570007251,
 "auroc_L": 0.7011931956627682,
 "auprc_L": 0.5659184845360647,
 "auroc_NN": 0.7304805525097465,
 "auprc_NN": 0.6121322321915363,
 "n_cys": 602,
 "n_cys_amp": 221,
 "cys_auroc_R": 0.8228643365280697,
 "cys_auroc_L": 0.6136981746060023,
 "cys_auroc_NN": 0.7143798767235544,
 "d_L-R": -0.07689392208820656,
 "ci_L-R": [
  -0.1267121450973783,
  -0.018557126800839645
 ],
 "d_L-NN": -0.029287356846978363,
 "ci_L-NN": [
  -0.10094627467838674,
  0.04115974909629533
 ],
 "gates": {
  "G1": false,
  "G2": false,
  "G3": false
 }
}
