{'dataset': 'gbsg2', 'fold': 0, 'C_COX': np.float64(0.6406139731827806), 'C_RSF': np.float64(0.6487297106563161), 'C_ENS': np.float64(0.6564925899788285)}
{'dataset': 'gbsg2', 'fold': 1, 'C_COX': np.float64(0.7205707491082045), 'C_RSF': np.float64(0.7399920729290527), 'C_ENS': np.float64(0.7414783987316687)}
{'dataset': 'gbsg2', 'fold': 2, 'C_COX': np.float64(0.661140315406389), 'C_RSF': np.float64(0.6668014557217954), 'C_ENS': np.float64(0.6716538617064295)}
{'dataset': 'gbsg2', 'fold': 3, 'C_COX': np.float64(0.727919708029197), 'C_RSF': np.float64(0.727919708029197), 'C_ENS': np.float64(0.7364051094890511)}
{'dataset': 'gbsg2', 'fold': 4, 'C_COX': np.float64(0.6497480873297257), 'C_RSF': np.float64(0.697891397648815), 'C_ENS': np.float64(0.6880014928158239)}
{'dataset': 'gbsg2', 'fold': 5, 'C_COX': np.float64(0.7200577200577201), 'C_RSF': np.float64(0.7175324675324676), 'C_ENS': np.float64(0.7268217893217893)}
{'dataset': 'gbsg2', 'fold': 6, 'C_COX': np.float64(0.6818532818532819), 'C_RSF': np.float64(0.6586872586872586), 'C_ENS': np.float64(0.6810810810810811)}
{'dataset': 'gbsg2', 'fold': 7, 'C_COX': np.float64(0.6362954630671166), 'C_RSF': np.float64(0.6859767529058868), 'C_ENS': np.float64(0.6697600299962505)}
{'dataset': 'gbsg2', 'fold': 8, 'C_COX': np.float64(0.6760428626100268), 'C_RSF': np.float64(0.7250287026406429), 'C_ENS': np.float64(0.7075200918484501)}
{'dataset': 'gbsg2', 'fold': 9, 'C_COX': np.float64(0.6370313103981445), 'C_RSF': np.float64(0.6648627754155393), 'C_ENS': np.float64(0.6583880943177426)}
{'dataset': 'gbsg2', 'fold': 10, 'C_COX': np.float64(0.7582222222222222), 'C_RSF': np.float64(0.7888), 'C_ENS': np.float64(0.7874666666666666)}
{'dataset': 'gbsg2', 'fold': 11, 'C_COX': np.float64(0.6290705197325858), 'C_RSF': np.float64(0.6514988138882899), 'C_ENS': np.float64(0.6496657321544101)}
{'dataset': 'gbsg2', 'fold': 12, 'C_COX': np.float64(0.6623063683304647), 'C_RSF': np.float64(0.6555938037865748), 'C_ENS': np.float64(0.6627366609294321)}
{'dataset': 'gbsg2', 'fold': 13, 'C_COX': np.float64(0.6197755417956656), 'C_RSF': np.float64(0.651702786377709), 'C_ENS': np.float64(0.642608359133127)}
{'dataset': 'gbsg2', 'fold': 14, 'C_COX': np.float64(0.7235215820498193), 'C_RSF': np.float64(0.7037459593078532), 'C_ENS': np.float64(0.7177220003803004)}
{'dataset': 'gbsg2', 'fold': 15, 'C_COX': np.float64(0.6533210332103321), 'C_RSF': np.float64(0.6736162361623617), 'C_ENS': np.float64(0.67380073800738)}
{'dataset': 'gbsg2', 'fold': 16, 'C_COX': np.float64(0.653197405004634), 'C_RSF': np.float64(0.7086190917516219), 'C_ENS': np.float64(0.6904541241890639)}
{'dataset': 'gbsg2', 'fold': 17, 'C_COX': np.float64(0.6506625696178222), 'C_RSF': np.float64(0.6594968311887843), 'C_ENS': np.float64(0.6644901094680238)}
{'dataset': 'gbsg2', 'fold': 18, 'C_COX': np.float64(0.7507240780073373), 'C_RSF': np.float64(0.7524618652249468), 'C_ENS': np.float64(0.7651090944197722)}
{'dataset': 'gbsg2', 'fold': 19, 'C_COX': np.float64(0.7174573055028463), 'C_RSF': np.float64(0.6965844402277039), 'C_ENS': np.float64(0.7180265654648956)}
{'dataset': 'gbsg2', 'fold': 20, 'C_COX': np.float64(0.6724541552867733), 'C_RSF': np.float64(0.6868903628560281), 'C_ENS': np.float64(0.6865977370269216)}
{'dataset': 'gbsg2', 'fold': 21, 'C_COX': np.float64(0.6452087548280302), 'C_RSF': np.float64(0.663049475813868), 'C_ENS': np.float64(0.6665440500275888)}
{'dataset': 'gbsg2', 'fold': 22, 'C_COX': np.float64(0.6648189209164819), 'C_RSF': np.float64(0.7078713968957872), 'C_ENS': np.float64(0.7073170731707317)}
{'dataset': 'gbsg2', 'fold': 23, 'C_COX': np.float64(0.6877044448720415), 'C_RSF': np.float64(0.692707331152588), 'C_ENS': np.float64(0.6954011929959593)}
{'dataset': 'gbsg2', 'fold': 24, 'C_COX': np.float64(0.6838940048862996), 'C_RSF': np.float64(0.6799473783123473), 'C_ENS': np.float64(0.6920691599323435)}
{'dataset': 'whas500', 'fold': 0, 'C_COX': np.float64(0.7796321525885559), 'C_RSF': np.float64(0.7874659400544959), 'C_ENS': np.float64(0.7864441416893733)}
{'dataset': 'whas500', 'fold': 1, 'C_COX': np.float64(0.7744695414099931), 'C_RSF': np.float64(0.7340862422997947), 'C_ENS': np.float64(0.7565023956194388)}
{'dataset': 'whas500', 'fold': 2, 'C_COX': np.float64(0.7201455507773735), 'C_RSF': np.float64(0.7277538868673503), 'C_ENS': np.float64(0.7269268938140919)}
{'dataset': 'whas500', 'fold': 3, 'C_COX': np.float64(0.7741091860084995), 'C_RSF': np.float64(0.7862046420398823), 'C_ENS': np.float64(0.7819548872180451)}
{'dataset': 'whas500', 'fold': 4, 'C_COX': np.float64(0.7738609910209511), 'C_RSF': np.float64(0.78084469571001), 'C_ENS': np.float64(0.7855004988360492)}
{'dataset': 'whas500', 'fold': 5, 'C_COX': np.float64(0.7092344661860625), 'C_RSF': np.float64(0.7040851355990387), 'C_ENS': np.float64(0.7124957088911775)}
{'dataset': 'whas500', 'fold': 6, 'C_COX': np.float64(0.7734672670592311), 'C_RSF': np.float64(0.7599584343609282), 'C_ENS': np.float64(0.7738136473848285)}
{'dataset': 'whas500', 'fold': 7, 'C_COX': np.float64(0.782622533418205), 'C_RSF': np.float64(0.7778485041374921), 'C_ENS': np.float64(0.7853278166772756)}
{'dataset': 'whas500', 'fold': 8, 'C_COX': np.float64(0.7743785850860421), 'C_RSF': np.float64(0.7466539196940727), 'C_ENS': np.float64(0.7660930528999362)}
{'dataset': 'whas500', 'fold': 9, 'C_COX': np.float64(0.838855946982909), 'C_RSF': np.float64(0.8273456574816882), 'C_ENS': np.float64(0.8399023369375654)}
{'dataset': 'whas500', 'fold': 10, 'C_COX': np.float64(0.8006124532153793), 'C_RSF': np.float64(0.7887036406941137), 'C_ENS': np.float64(0.7951684246342293)}
{'dataset': 'whas500', 'fold': 11, 'C_COX': np.float64(0.740463458110517), 'C_RSF': np.float64(0.7554367201426025), 'C_ENS': np.float64(0.7509803921568627)}
{'dataset': 'whas500', 'fold': 12, 'C_COX': np.float64(0.7569005653475225), 'C_RSF': np.float64(0.766212171599601), 'C_ENS': np.float64(0.7648819421350183)}
{'dataset': 'whas500', 'fold': 13, 'C_COX': np.float64(0.7885057471264367), 'C_RSF': np.float64(0.7474548440065681), 'C_ENS': np.float64(0.7821018062397372)}
{'dataset': 'whas500', 'fold': 14, 'C_COX': np.float64(0.7672955974842768), 'C_RSF': np.float64(0.7666666666666667), 'C_ENS': np.float64(0.7745283018867924)}
{'dataset': 'whas500', 'fold': 15, 'C_COX': np.float64(0.7751540041067762), 'C_RSF': np.float64(0.7761806981519507), 'C_ENS': np.float64(0.7811430527036276)}
{'dataset': 'whas500', 'fold': 16, 'C_COX': np.float64(0.7092706203135651), 'C_RSF': np.float64(0.7164280845262441), 'C_ENS': np.float64(0.7177914110429447)}
{'dataset': 'whas500', 'fold': 17, 'C_COX': np.float64(0.7767624020887729), 'C_RSF': np.float64(0.7610966057441253), 'C_ENS': np.float64(0.77088772845953)}
{'dataset': 'whas500', 'fold': 18, 'C_COX': np.float64(0.7840187228351722), 'C_RSF': np.float64(0.7957204948177867), 'C_ENS': np.float64(0.7963891675025075)}
{'dataset': 'whas500', 'fold': 19, 'C_COX': np.float64(0.7695093842607836), 'C_RSF': np.float64(0.7616068488640105), 'C_ENS': np.float64(0.7732960158050708)}
{'dataset': 'whas500', 'fold': 20, 'C_COX': np.float64(0.7354965585054081), 'C_RSF': np.float64(0.6981317600786627), 'C_ENS': np.float64(0.7207472959685349)}
{'dataset': 'whas500', 'fold': 21, 'C_COX': np.float64(0.7735531628532974), 'C_RSF': np.float64(0.7762449528936743), 'C_ENS': np.float64(0.7821332436069987)}
{'dataset': 'whas500', 'fold': 22, 'C_COX': np.float64(0.7548611111111111), 'C_RSF': np.float64(0.7729166666666667), 'C_ENS': np.float64(0.7671875)}
{'dataset': 'whas500', 'fold': 23, 'C_COX': np.float64(0.7755102040816326), 'C_RSF': np.float64(0.775175644028103), 'C_ENS': np.float64(0.7773502843760455)}
{'dataset': 'whas500', 'fold': 24, 'C_COX': np.float64(0.7904918032786885), 'C_RSF': np.float64(0.7924590163934426), 'C_ENS': np.float64(0.7978688524590164)}
{'dataset': 'flchain', 'fold': 0, 'C_COX': np.float64(0.8123119712855952), 'C_RSF': np.float64(0.8010898218753724), 'C_ENS': np.float64(0.8124553199094483)}
{'dataset': 'flchain', 'fold': 1, 'C_COX': np.float64(0.796175408811485), 'C_RSF': np.float64(0.7996921670506805), 'C_ENS': np.float64(0.8019160269027341)}
{'dataset': 'flchain', 'fold': 2, 'C_COX': np.float64(0.7851319100727108), 'C_RSF': np.float64(0.7837315553409419), 'C_ENS': np.float64(0.787760825354964)}
{'dataset': 'flchain', 'fold': 3, 'C_COX': np.float64(0.7911720363116872), 'C_RSF': np.float64(0.7873981957089268), 'C_ENS': np.float64(0.7940010051026842)}
{'dataset': 'flchain', 'fold': 4, 'C_COX': np.float64(0.7987477588991824), 'C_RSF': np.float64(0.7876740842709414), 'C_ENS': np.float64(0.7977134758386667)}
{'dataset': 'flchain', 'fold': 5, 'C_COX': np.float64(0.7940591096146652), 'C_RSF': np.float64(0.7949943883277216), 'C_ENS': np.float64(0.7985381593714928)}
{'dataset': 'flchain', 'fold': 6, 'C_COX': np.float64(0.8177303749180426), 'C_RSF': np.float64(0.8117847350539429), 'C_ENS': np.float64(0.8197103922036121)}
{'dataset': 'flchain', 'fold': 7, 'C_COX': np.float64(0.8018133307351878), 'C_RSF': np.float64(0.7923981758020213), 'C_ENS': np.float64(0.8016671850466729)}
{'dataset': 'flchain', 'fold': 8, 'C_COX': np.float64(0.7770975216940113), 'C_RSF': np.float64(0.7751038671690478), 'C_ENS': np.float64(0.7804608838287094)}
{'dataset': 'flchain', 'fold': 9, 'C_COX': np.float64(0.7919016724203356), 'C_RSF': np.float64(0.7882810258498616), 'C_ENS': np.float64(0.7945283071256027)}
{'dataset': 'flchain', 'fold': 10, 'C_COX': np.float64(0.7917501192179304), 'C_RSF': np.float64(0.7832269542569972), 'C_ENS': np.float64(0.7915263563332233)}
{'dataset': 'flchain', 'fold': 11, 'C_COX': np.float64(0.8023872357035734), 'C_RSF': np.float64(0.799238370583698), 'C_ENS': np.float64(0.8064577882117397)}
{'dataset': 'flchain', 'fold': 12, 'C_COX': np.float64(0.8084204488099961), 'C_RSF': np.float64(0.7991362018583393), 'C_ENS': np.float64(0.8077667335281442)}
{'dataset': 'flchain', 'fold': 13, 'C_COX': np.float64(0.7846560290607785), 'C_RSF': np.float64(0.7889809964124349), 'C_ENS': np.float64(0.7903113225956558)}
{'dataset': 'flchain', 'fold': 14, 'C_COX': np.float64(0.7916858376417165), 'C_RSF': np.float64(0.7800818420662211), 'C_ENS': np.float64(0.791030425041644)}
{'dataset': 'aids', 'fold': 0, 'C_COX': np.float64(0.7085084033613446), 'C_RSF': np.float64(0.7720588235294118), 'C_ENS': np.float64(0.741859243697479)}
{'dataset': 'aids', 'fold': 1, 'C_COX': np.float64(0.6430842607313195), 'C_RSF': np.float64(0.6531531531531531), 'C_ENS': np.float64(0.6514308426073132)}
{'dataset': 'aids', 'fold': 2, 'C_COX': np.float64(0.779651795429815), 'C_RSF': np.float64(0.7970620239390642), 'C_ENS': np.float64(0.7982861806311208)}
{'dataset': 'aids', 'fold': 3, 'C_COX': np.float64(0.8394444444444444), 'C_RSF': np.float64(0.7808333333333334), 'C_ENS': np.float64(0.8208333333333333)}
{'dataset': 'aids', 'fold': 4, 'C_COX': np.float64(0.7267918540068765), 'C_RSF': np.float64(0.7101295953451467), 'C_ENS': np.float64(0.7154192012695054)}
{'dataset': 'aids', 'fold': 5, 'C_COX': np.float64(0.6702631578947369), 'C_RSF': np.float64(0.7242105263157895), 'C_ENS': np.float64(0.7038157894736842)}
{'dataset': 'aids', 'fold': 6, 'C_COX': np.float64(0.7651474530831099), 'C_RSF': np.float64(0.7541554959785522), 'C_ENS': np.float64(0.7591152815013404)}
{'dataset': 'aids', 'fold': 7, 'C_COX': np.float64(0.7163182346109176), 'C_RSF': np.float64(0.7761324041811847), 'C_ENS': np.float64(0.7514518002322881)}
{'dataset': 'aids', 'fold': 8, 'C_COX': np.float64(0.6724540036278829), 'C_RSF': np.float64(0.7178025395180099), 'C_ENS': np.float64(0.7027727390515678)}
{'dataset': 'aids', 'fold': 9, 'C_COX': np.float64(0.8099868593955322), 'C_RSF': np.float64(0.7816031537450723), 'C_ENS': np.float64(0.8056504599211564)}
{'dataset': 'aids', 'fold': 10, 'C_COX': np.float64(0.7549120992761117), 'C_RSF': np.float64(0.7709410548086867), 'C_ENS': np.float64(0.7680972078593589)}
{'dataset': 'aids', 'fold': 11, 'C_COX': np.float64(0.8188014768531667), 'C_RSF': np.float64(0.8017608633910821), 'C_ENS': np.float64(0.8158193694973019)}
{'dataset': 'aids', 'fold': 12, 'C_COX': np.float64(0.5689831374552887), 'C_RSF': np.float64(0.5669391926417987), 'C_ENS': np.float64(0.5744762391415432)}
{'dataset': 'aids', 'fold': 13, 'C_COX': np.float64(0.7760905577029266), 'C_RSF': np.float64(0.7683600220872446), 'C_ENS': np.float64(0.7821645499723909)}
{'dataset': 'aids', 'fold': 14, 'C_COX': np.float64(0.7743935309973046), 'C_RSF': np.float64(0.8051212938005391), 'C_ENS': np.float64(0.8004043126684636)}
{'dataset': 'aids', 'fold': 15, 'C_COX': np.float64(0.7275449101796407), 'C_RSF': np.float64(0.7514970059880239), 'C_ENS': np.float64(0.7443862275449101)}
{'dataset': 'aids', 'fold': 16, 'C_COX': np.float64(0.830318690783807), 'C_RSF': np.float64(0.8334768877404536), 'C_ENS': np.float64(0.8399368360608671)}
{'dataset': 'aids', 'fold': 17, 'C_COX': np.float64(0.8151284222410387), 'C_RSF': np.float64(0.80383855489698), 'C_ENS': np.float64(0.8216200959638724)}
{'dataset': 'aids', 'fold': 18, 'C_COX': np.float64(0.6211326691137913), 'C_RSF': np.float64(0.6798636601992659), 'C_ENS': np.float64(0.653513371788149)}
{'dataset': 'aids', 'fold': 19, 'C_COX': np.float64(0.7768638896258955), 'C_RSF': np.float64(0.6954099230565136), 'C_ENS': np.float64(0.7476784292915892)}
{'dataset': 'aids', 'fold': 20, 'C_COX': np.float64(0.6790853031860226), 'C_RSF': np.float64(0.6831963001027749), 'C_ENS': np.float64(0.6846094552929085)}
{'dataset': 'aids', 'fold': 21, 'C_COX': np.float64(0.7626608267177662), 'C_RSF': np.float64(0.7591021078565563), 'C_ENS': np.float64(0.7689570216260607)}
{'dataset': 'aids', 'fold': 22, 'C_COX': np.float64(0.7384863991381632), 'C_RSF': np.float64(0.7371397791543226), 'C_ENS': np.float64(0.7442768650686776)}
{'dataset': 'aids', 'fold': 23, 'C_COX': np.float64(0.7853260869565217), 'C_RSF': np.float64(0.7972826086956522), 'C_ENS': np.float64(0.8052989130434782)}
{'dataset': 'aids', 'fold': 24, 'C_COX': np.float64(0.7260681449432126), 'C_RSF': np.float64(0.7577068685776095), 'C_ENS': np.float64(0.7467550027041644)}
{'dataset': 'veterans_lung_cancer', 'fold': 0, 'C_COX': np.float64(0.6704545454545454), 'C_RSF': np.float64(0.5909090909090909), 'C_ENS': np.float64(0.6605113636363636)}
{'dataset': 'veterans_lung_cancer', 'fold': 1, 'C_COX': np.float64(0.7587209302325582), 'C_RSF': np.float64(0.8401162790697675), 'C_ENS': np.float64(0.8226744186046512)}
{'dataset': 'veterans_lung_cancer', 'fold': 2, 'C_COX': np.float64(0.6627565982404692), 'C_RSF': np.float64(0.6598240469208211), 'C_ENS': np.float64(0.6612903225806451)}
{'dataset': 'veterans_lung_cancer', 'fold': 3, 'C_COX': np.float64(0.7283582089552239), 'C_RSF': np.float64(0.7044776119402985), 'C_ENS': np.float64(0.7194029850746269)}
{'dataset': 'veterans_lung_cancer', 'fold': 4, 'C_COX': np.float64(0.7261904761904762), 'C_RSF': np.float64(0.7157738095238095), 'C_ENS': np.float64(0.7366071428571429)}
{'dataset': 'veterans_lung_cancer', 'fold': 5, 'C_COX': np.float64(0.7138888888888889), 'C_RSF': np.float64(0.7027777777777777), 'C_ENS': np.float64(0.7222222222222222)}
{'dataset': 'veterans_lung_cancer', 'fold': 6, 'C_COX': np.float64(0.6807909604519774), 'C_RSF': np.float64(0.6454802259887006), 'C_ENS': np.float64(0.6596045197740112)}
{'dataset': 'veterans_lung_cancer', 'fold': 7, 'C_COX': np.float64(0.75), 'C_RSF': np.float64(0.7440476190476191), 'C_ENS': np.float64(0.75)}
{'dataset': 'veterans_lung_cancer', 'fold': 8, 'C_COX': np.float64(0.6796407185628742), 'C_RSF': np.float64(0.6317365269461078), 'C_ENS': np.float64(0.6467065868263473)}
{'dataset': 'veterans_lung_cancer', 'fold': 9, 'C_COX': np.float64(0.7926829268292683), 'C_RSF': np.float64(0.7957317073170732), 'C_ENS': np.float64(0.8170731707317073)}
{'dataset': 'veterans_lung_cancer', 'fold': 10, 'C_COX': np.float64(0.7037037037037037), 'C_RSF': np.float64(0.7094017094017094), 'C_ENS': np.float64(0.7264957264957265)}
{'dataset': 'veterans_lung_cancer', 'fold': 11, 'C_COX': np.float64(0.6628895184135978), 'C_RSF': np.float64(0.623229461756374), 'C_ENS': np.float64(0.6728045325779037)}
{'dataset': 'veterans_lung_cancer', 'fold': 12, 'C_COX': np.float64(0.7433628318584071), 'C_RSF': np.float64(0.700589970501475), 'C_ENS': np.float64(0.724188790560472)}
{'dataset': 'veterans_lung_cancer', 'fold': 13, 'C_COX': np.float64(0.7592592592592593), 'C_RSF': np.float64(0.7469135802469136), 'C_ENS': np.float64(0.7700617283950617)}
{'dataset': 'veterans_lung_cancer', 'fold': 14, 'C_COX': np.float64(0.7248520710059172), 'C_RSF': np.float64(0.7174556213017751), 'C_ENS': np.float64(0.7233727810650887)}
{'dataset': 'veterans_lung_cancer', 'fold': 15, 'C_COX': np.float64(0.773371104815864), 'C_RSF': np.float64(0.6402266288951841), 'C_ENS': np.float64(0.7152974504249292)}
{'dataset': 'veterans_lung_cancer', 'fold': 16, 'C_COX': np.float64(0.7174515235457064), 'C_RSF': np.float64(0.7049861495844876), 'C_ENS': np.float64(0.7313019390581718)}
{'dataset': 'veterans_lung_cancer', 'fold': 17, 'C_COX': np.float64(0.7005988023952096), 'C_RSF': np.float64(0.7215568862275449), 'C_ENS': np.float64(0.7215568862275449)}
{'dataset': 'veterans_lung_cancer', 'fold': 18, 'C_COX': np.float64(0.7080745341614907), 'C_RSF': np.float64(0.7484472049689441), 'C_ENS': np.float64(0.7282608695652174)}
{'dataset': 'veterans_lung_cancer', 'fold': 19, 'C_COX': np.float64(0.7130177514792899), 'C_RSF': np.float64(0.6538461538461539), 'C_ENS': np.float64(0.6834319526627219)}
{'dataset': 'veterans_lung_cancer', 'fold': 20, 'C_COX': np.float64(0.7348703170028819), 'C_RSF': np.float64(0.7406340057636888), 'C_ENS': np.float64(0.7348703170028819)}
{'dataset': 'veterans_lung_cancer', 'fold': 21, 'C_COX': np.float64(0.7150837988826816), 'C_RSF': np.float64(0.6675977653631285), 'C_ENS': np.float64(0.6941340782122905)}
{'dataset': 'veterans_lung_cancer', 'fold': 22, 'C_COX': np.float64(0.6832844574780058), 'C_RSF': np.float64(0.626099706744868), 'C_ENS': np.float64(0.6700879765395894)}
{'dataset': 'veterans_lung_cancer', 'fold': 23, 'C_COX': np.float64(0.7545454545454545), 'C_RSF': np.float64(0.7242424242424242), 'C_ENS': np.float64(0.7575757575757576)}
{'dataset': 'veterans_lung_cancer', 'fold': 24, 'C_COX': np.float64(0.6909090909090909), 'C_RSF': np.float64(0.703030303030303), 'C_ENS': np.float64(0.7136363636363636)}
{
 "per_dataset": {
  "gbsg2": {
   "C_COX": 0.6769444950922376,
   "C_RSF": 0.6922403230045375,
   "C_ENS": 0.6943044721301493,
   "dE": 0.017359977037911575
  },
  "whas500": {
   "C_COX": 0.7679672806102864,
   "C_RSF": 0.7633072749407589,
   "C_ENS": 0.7706966719577879,
   "dE": 0.0027293913475014
  },
  "flchain": {
   "C_COX": 0.7963360510131265,
   "C_RSF": 0.7915208254418098,
   "C_ENS": 0.7983896137596662,
   "dE": 0.0020535627465397685
  },
  "aids": {
   "C_COX": 0.7394978644702656,
   "C_RSF": 0.7471510868814489,
   "C_ENS": 0.749945150769701,
   "dE": 0.010447286299435485
  },
  "veterans_lung_cancer": {
   "C_COX": 0.7179503389305136,
   "C_RSF": 0.6983652906926416,
   "C_ENS": 0.7185267952922975,
   "dE": 0.0005764563617838592
  }
 },
 "pooled_dE": 0.006633334758634417,
 "ci": [
  0.004090346702809705,
  0.009149335370541427
 ],
 "n_ens_ge_cox": 5,
 "check_cox_matches_original": {
  "gbsg2": 0.6769444950922376,
  "whas500": 0.7679672806102864,
  "flchain": 0.7963360510131265,
  "aids": 0.7394978644702656,
  "veterans_lung_cancer": 0.7179503389305136
 },
 "pivot_gates": {
  "P1": true,
  "P2": true
 }
}
