{'dataset': 'gbsg2', 'fold': 0, 'C_COX': np.float64(0.6406139731827806), 'IBS_COX': np.float64(0.1789253912016319), 'C_RSF': np.float64(0.6487297106563161), 'IBS_RSF': np.float64(0.17629748830322242), 'C_GBM': np.float64(0.6224417784050812), 'IBS_GBM': np.float64(0.18051253333002007)}
{'dataset': 'gbsg2', 'fold': 1, 'C_COX': np.float64(0.7205707491082045), 'IBS_COX': np.float64(0.14192227581149613), 'C_RSF': np.float64(0.7399920729290527), 'IBS_RSF': np.float64(0.13389311702957746), 'C_GBM': np.float64(0.7138327388030122), 'IBS_GBM': np.float64(0.14917863060952014)}
{'dataset': 'gbsg2', 'fold': 2, 'C_COX': np.float64(0.661140315406389), 'IBS_COX': np.float64(0.1401894380283004), 'C_RSF': np.float64(0.6668014557217954), 'IBS_RSF': np.float64(0.13607605343170923), 'C_GBM': np.float64(0.6487060250707642), 'IBS_GBM': np.float64(0.1516686680225641)}
{'dataset': 'gbsg2', 'fold': 3, 'C_COX': np.float64(0.727919708029197), 'IBS_COX': np.float64(0.16401064652989775), 'C_RSF': np.float64(0.727919708029197), 'IBS_RSF': np.float64(0.15792686311330154), 'C_GBM': np.float64(0.73257299270073), 'IBS_GBM': np.float64(0.15985965763745627)}
{'dataset': 'gbsg2', 'fold': 4, 'C_COX': np.float64(0.6497480873297257), 'IBS_COX': np.float64(0.1588387912948603), 'C_RSF': np.float64(0.697891397648815), 'IBS_RSF': np.float64(0.1505457220351754), 'C_GBM': np.float64(0.6779249860048516), 'IBS_GBM': np.float64(0.15493833096468568)}
{'dataset': 'gbsg2', 'fold': 5, 'C_COX': np.float64(0.7200577200577201), 'IBS_COX': np.float64(0.16401372717188004), 'C_RSF': np.float64(0.7175324675324676), 'IBS_RSF': np.float64(0.1622602166275784), 'C_GBM': np.float64(0.7019300144300145), 'IBS_GBM': np.float64(0.16105707098072336)}
{'dataset': 'gbsg2', 'fold': 6, 'C_COX': np.float64(0.6818532818532819), 'IBS_COX': np.float64(0.14781971771434768), 'C_RSF': np.float64(0.6586872586872586), 'IBS_RSF': np.float64(0.1510547290075215), 'C_GBM': np.float64(0.638030888030888), 'IBS_GBM': np.float64(0.1607334802578301)}
{'dataset': 'gbsg2', 'fold': 7, 'C_COX': np.float64(0.6362954630671166), 'IBS_COX': np.float64(0.17065517588550458), 'C_RSF': np.float64(0.6859767529058868), 'IBS_RSF': np.float64(0.15511644967101895), 'C_GBM': np.float64(0.6781964754405699), 'IBS_GBM': np.float64(0.17231234391328304)}
{'dataset': 'gbsg2', 'fold': 8, 'C_COX': np.float64(0.6760428626100268), 'IBS_COX': np.float64(0.1513230585763477), 'C_RSF': np.float64(0.7250287026406429), 'IBS_RSF': np.float64(0.14531418675332936), 'C_GBM': np.float64(0.6980482204362801), 'IBS_GBM': np.float64(0.15330291447836614)}
{'dataset': 'gbsg2', 'fold': 9, 'C_COX': np.float64(0.6370313103981445), 'IBS_COX': np.float64(0.15680794879088977), 'C_RSF': np.float64(0.6648627754155393), 'IBS_RSF': np.float64(0.1474058568383396), 'C_GBM': np.float64(0.6647661383842288), 'IBS_GBM': np.float64(0.15212897859676355)}
{'dataset': 'gbsg2', 'fold': 10, 'C_COX': np.float64(0.7582222222222222), 'IBS_COX': np.float64(0.15424763622398577), 'C_RSF': np.float64(0.7888), 'IBS_RSF': np.float64(0.14606417492383642), 'C_GBM': np.float64(0.7571555555555556), 'IBS_GBM': np.float64(0.14592761505215485)}
{'dataset': 'gbsg2', 'fold': 11, 'C_COX': np.float64(0.6290705197325858), 'IBS_COX': np.float64(0.14491467833119578), 'C_RSF': np.float64(0.6514988138882899), 'IBS_RSF': np.float64(0.14482117746106635), 'C_GBM': np.float64(0.6372654733664007), 'IBS_GBM': np.float64(0.15769519805780127)}
{'dataset': 'gbsg2', 'fold': 12, 'C_COX': np.float64(0.6623063683304647), 'IBS_COX': np.float64(0.16755173170482332), 'C_RSF': np.float64(0.6555938037865748), 'IBS_RSF': np.float64(0.16564625715113473), 'C_GBM': np.float64(0.6655765920826162), 'IBS_GBM': np.float64(0.16454309797286787)}
{'dataset': 'gbsg2', 'fold': 13, 'C_COX': np.float64(0.6197755417956656), 'IBS_COX': np.float64(0.16558367253740533), 'C_RSF': np.float64(0.651702786377709), 'IBS_RSF': np.float64(0.16123655913079493), 'C_GBM': np.float64(0.6385448916408669), 'IBS_GBM': np.float64(0.1732242529405732)}
{'dataset': 'gbsg2', 'fold': 14, 'C_COX': np.float64(0.7235215820498193), 'IBS_COX': np.float64(0.15152272961840524), 'C_RSF': np.float64(0.7037459593078532), 'IBS_RSF': np.float64(0.14465067317325625), 'C_GBM': np.float64(0.6735120745388857), 'IBS_GBM': np.float64(0.1487917979647684)}
{'dataset': 'gbsg2', 'fold': 15, 'C_COX': np.float64(0.6533210332103321), 'IBS_COX': np.float64(0.16718674961707636), 'C_RSF': np.float64(0.6736162361623617), 'IBS_RSF': np.float64(0.1605822253497998), 'C_GBM': np.float64(0.6714022140221402), 'IBS_GBM': np.float64(0.16535488880390378)}
{'dataset': 'gbsg2', 'fold': 16, 'C_COX': np.float64(0.653197405004634), 'IBS_COX': np.float64(0.17687022990142387), 'C_RSF': np.float64(0.7086190917516219), 'IBS_RSF': np.float64(0.1685621412856113), 'C_GBM': np.float64(0.7104726598702502), 'IBS_GBM': np.float64(0.16193324863894112)}
{'dataset': 'gbsg2', 'fold': 17, 'C_COX': np.float64(0.6506625696178222), 'IBS_COX': np.float64(0.14941178474436118), 'C_RSF': np.float64(0.6594968311887843), 'IBS_RSF': np.float64(0.14383834296163014), 'C_GBM': np.float64(0.6161897445746111), 'IBS_GBM': np.float64(0.1500121587427011)}
{'dataset': 'gbsg2', 'fold': 18, 'C_COX': np.float64(0.7507240780073373), 'IBS_COX': np.float64(0.13707537766890213), 'C_RSF': np.float64(0.7524618652249468), 'IBS_RSF': np.float64(0.13319627435511036), 'C_GBM': np.float64(0.7396215485614983), 'IBS_GBM': np.float64(0.13292784874522712)}
{'dataset': 'gbsg2', 'fold': 19, 'C_COX': np.float64(0.7174573055028463), 'IBS_COX': np.float64(0.14940717823613384), 'C_RSF': np.float64(0.6965844402277039), 'IBS_RSF': np.float64(0.14783752359687224), 'C_GBM': np.float64(0.677134724857685), 'IBS_GBM': np.float64(0.1626100392317574)}
{'dataset': 'gbsg2', 'fold': 20, 'C_COX': np.float64(0.6724541552867733), 'IBS_COX': np.float64(0.14563898187864716), 'C_RSF': np.float64(0.6868903628560281), 'IBS_RSF': np.float64(0.14226899196547288), 'C_GBM': np.float64(0.6722590714007023), 'IBS_GBM': np.float64(0.15368330037108904)}
{'dataset': 'gbsg2', 'fold': 21, 'C_COX': np.float64(0.6452087548280302), 'IBS_COX': np.float64(0.16121796706936434), 'C_RSF': np.float64(0.663049475813868), 'IBS_RSF': np.float64(0.1531922828478922), 'C_GBM': np.float64(0.6258966341732574), 'IBS_GBM': np.float64(0.16462616861306406)}
{'dataset': 'gbsg2', 'fold': 22, 'C_COX': np.float64(0.6648189209164819), 'IBS_COX': np.float64(0.1630305634356824), 'C_RSF': np.float64(0.7078713968957872), 'IBS_RSF': np.float64(0.15900184214145505), 'C_GBM': np.float64(0.6889320029563932), 'IBS_GBM': np.float64(0.160749287784731)}
{'dataset': 'gbsg2', 'fold': 23, 'C_COX': np.float64(0.6877044448720415), 'IBS_COX': np.float64(0.15634223462948799), 'C_RSF': np.float64(0.692707331152588), 'IBS_RSF': np.float64(0.1522418113030343), 'C_GBM': np.float64(0.6931883779103328), 'IBS_GBM': np.float64(0.15221881847287086)}
{'dataset': 'gbsg2', 'fold': 24, 'C_COX': np.float64(0.6838940048862996), 'IBS_COX': np.float64(0.1550875923397187), 'C_RSF': np.float64(0.6799473783123473), 'IBS_RSF': np.float64(0.15396515706761305), 'C_GBM': np.float64(0.6569253899642924), 'IBS_GBM': np.float64(0.16593944685859702)}
{'dataset': 'whas500', 'fold': 0, 'C_COX': np.float64(0.7796321525885559), 'IBS_COX': np.float64(0.1465084104260144), 'C_RSF': np.float64(0.7874659400544959), 'IBS_RSF': np.float64(0.14260305814548702), 'C_GBM': np.float64(0.7741825613079019), 'IBS_GBM': np.float64(0.1408495030801501)}
{'dataset': 'whas500', 'fold': 1, 'C_COX': np.float64(0.7744695414099931), 'IBS_COX': np.float64(0.13545501874745805), 'C_RSF': np.float64(0.7340862422997947), 'IBS_RSF': np.float64(0.1500377192042227), 'C_GBM': np.float64(0.7262149212867899), 'IBS_GBM': np.float64(0.15405544219531134)}
{'dataset': 'whas500', 'fold': 2, 'C_COX': np.float64(0.7201455507773735), 'IBS_COX': np.float64(0.18002544508298923), 'C_RSF': np.float64(0.7277538868673503), 'IBS_RSF': np.float64(0.16745786889600087), 'C_GBM': np.float64(0.7188223618921601), 'IBS_GBM': np.float64(0.18620401316186191)}
{'dataset': 'whas500', 'fold': 3, 'C_COX': np.float64(0.7741091860084995), 'IBS_COX': np.float64(0.14219365772952292), 'C_RSF': np.float64(0.7862046420398823), 'IBS_RSF': np.float64(0.14981497656587991), 'C_GBM': np.float64(0.7734553775743707), 'IBS_GBM': np.float64(0.1525833658212533)}
{'dataset': 'whas500', 'fold': 4, 'C_COX': np.float64(0.7738609910209511), 'IBS_COX': np.float64(0.14136590618760272), 'C_RSF': np.float64(0.78084469571001), 'IBS_RSF': np.float64(0.14940005671568501), 'C_GBM': np.float64(0.7874958430329232), 'IBS_GBM': np.float64(0.14466000340393023)}
{'dataset': 'whas500', 'fold': 5, 'C_COX': np.float64(0.7092344661860625), 'IBS_COX': np.float64(0.167102495841559), 'C_RSF': np.float64(0.7040851355990387), 'IBS_RSF': np.float64(0.16707243400722038), 'C_GBM': np.float64(0.6932715413662891), 'IBS_GBM': np.float64(0.19567356435841565)}
{'dataset': 'whas500', 'fold': 6, 'C_COX': np.float64(0.7734672670592311), 'IBS_COX': np.float64(0.13354922219526466), 'C_RSF': np.float64(0.7599584343609282), 'IBS_RSF': np.float64(0.1376230789988887), 'C_GBM': np.float64(0.7485278836162106), 'IBS_GBM': np.float64(0.15156681139280528)}
{'dataset': 'whas500', 'fold': 7, 'C_COX': np.float64(0.782622533418205), 'IBS_COX': np.float64(0.15168061454676157), 'C_RSF': np.float64(0.7778485041374921), 'IBS_RSF': np.float64(0.15817122221415927), 'C_GBM': np.float64(0.7808720560152769), 'IBS_GBM': np.float64(0.15267615645688773)}
{'dataset': 'whas500', 'fold': 8, 'C_COX': np.float64(0.7743785850860421), 'IBS_COX': np.float64(0.16171363022954777), 'C_RSF': np.float64(0.7466539196940727), 'IBS_RSF': np.float64(0.16890409189778868), 'C_GBM': np.float64(0.7176545570427023), 'IBS_GBM': np.float64(0.18264213305000193)}
{'dataset': 'whas500', 'fold': 9, 'C_COX': np.float64(0.838855946982909), 'IBS_COX': np.float64(0.11915939018299627), 'C_RSF': np.float64(0.8273456574816882), 'IBS_RSF': np.float64(0.132077494567481), 'C_GBM': np.float64(0.8242064876177189), 'IBS_GBM': np.float64(0.12557393705368816)}
{'dataset': 'whas500', 'fold': 10, 'C_COX': np.float64(0.8006124532153793), 'IBS_COX': np.float64(0.12248597488531121), 'C_RSF': np.float64(0.7887036406941137), 'IBS_RSF': np.float64(0.13774187997420215), 'C_GBM': np.float64(0.7783259612112964), 'IBS_GBM': np.float64(0.13255785890940916)}
{'dataset': 'whas500', 'fold': 11, 'C_COX': np.float64(0.740463458110517), 'IBS_COX': np.float64(0.1487216498027893), 'C_RSF': np.float64(0.7554367201426025), 'IBS_RSF': np.float64(0.14516167915562259), 'C_GBM': np.float64(0.7593582887700535), 'IBS_GBM': np.float64(0.15717168441633309)}
{'dataset': 'whas500', 'fold': 12, 'C_COX': np.float64(0.7569005653475225), 'IBS_COX': np.float64(0.14888221341785207), 'C_RSF': np.float64(0.766212171599601), 'IBS_RSF': np.float64(0.14993239820296803), 'C_GBM': np.float64(0.7479215164615897), 'IBS_GBM': np.float64(0.16662699740120984)}
{'dataset': 'whas500', 'fold': 13, 'C_COX': np.float64(0.7885057471264367), 'IBS_COX': np.float64(0.1427228280362233), 'C_RSF': np.float64(0.7474548440065681), 'IBS_RSF': np.float64(0.16143542336684363), 'C_GBM': np.float64(0.7653530377668308), 'IBS_GBM': np.float64(0.15640742061230445)}
{'dataset': 'whas500', 'fold': 14, 'C_COX': np.float64(0.7672955974842768), 'IBS_COX': np.float64(0.16283116392178967), 'C_RSF': np.float64(0.7666666666666667), 'IBS_RSF': np.float64(0.1652783763833886), 'C_GBM': np.float64(0.7641509433962265), 'IBS_GBM': np.float64(0.15554329321980148)}
{'dataset': 'whas500', 'fold': 15, 'C_COX': np.float64(0.7751540041067762), 'IBS_COX': np.float64(0.14837203678227004), 'C_RSF': np.float64(0.7761806981519507), 'IBS_RSF': np.float64(0.1494121411698325), 'C_GBM': np.float64(0.7645448323066393), 'IBS_GBM': np.float64(0.15617872062494725)}
{'dataset': 'whas500', 'fold': 16, 'C_COX': np.float64(0.7092706203135651), 'IBS_COX': np.float64(0.1497939343373068), 'C_RSF': np.float64(0.7164280845262441), 'IBS_RSF': np.float64(0.1544683394918268), 'C_GBM': np.float64(0.7177914110429447), 'IBS_GBM': np.float64(0.15574394192736993)}
{'dataset': 'whas500', 'fold': 17, 'C_COX': np.float64(0.7767624020887729), 'IBS_COX': np.float64(0.15629204908322675), 'C_RSF': np.float64(0.7610966057441253), 'IBS_RSF': np.float64(0.16244853048470212), 'C_GBM': np.float64(0.766644908616188), 'IBS_GBM': np.float64(0.15959791968787312)}
{'dataset': 'whas500', 'fold': 18, 'C_COX': np.float64(0.7840187228351722), 'IBS_COX': np.float64(0.1336272925811246), 'C_RSF': np.float64(0.7957204948177867), 'IBS_RSF': np.float64(0.14374635494608873), 'C_GBM': np.float64(0.788699431628218), 'IBS_GBM': np.float64(0.1380812814855977)}
{'dataset': 'whas500', 'fold': 19, 'C_COX': np.float64(0.7695093842607836), 'IBS_COX': np.float64(0.13992942264962194), 'C_RSF': np.float64(0.7616068488640105), 'IBS_RSF': np.float64(0.14502796455233324), 'C_GBM': np.float64(0.7583141257820217), 'IBS_GBM': np.float64(0.14878839843522645)}
{'dataset': 'whas500', 'fold': 20, 'C_COX': np.float64(0.7354965585054081), 'IBS_COX': np.float64(0.17119820388379253), 'C_RSF': np.float64(0.6981317600786627), 'IBS_RSF': np.float64(0.17681405823742535), 'C_GBM': np.float64(0.73992133726647), 'IBS_GBM': np.float64(0.1812731673400816)}
{'dataset': 'whas500', 'fold': 21, 'C_COX': np.float64(0.7735531628532974), 'IBS_COX': np.float64(0.14554808129753918), 'C_RSF': np.float64(0.7762449528936743), 'IBS_RSF': np.float64(0.14470049071474972), 'C_GBM': np.float64(0.770693135935397), 'IBS_GBM': np.float64(0.15318423165053685)}
{'dataset': 'whas500', 'fold': 22, 'C_COX': np.float64(0.7548611111111111), 'IBS_COX': np.float64(0.1329380191093585), 'C_RSF': np.float64(0.7729166666666667), 'IBS_RSF': np.float64(0.1423023857796071), 'C_GBM': np.float64(0.7480902777777778), 'IBS_GBM': np.float64(0.14137867029846324)}
{'dataset': 'whas500', 'fold': 23, 'C_COX': np.float64(0.7755102040816326), 'IBS_COX': np.float64(0.14582952486076456), 'C_RSF': np.float64(0.775175644028103), 'IBS_RSF': np.float64(0.14664429068228557), 'C_GBM': np.float64(0.767480762796922), 'IBS_GBM': np.float64(0.1465938945134028)}
{'dataset': 'whas500', 'fold': 24, 'C_COX': np.float64(0.7904918032786885), 'IBS_COX': np.float64(0.13498334484302935), 'C_RSF': np.float64(0.7924590163934426), 'IBS_RSF': np.float64(0.14772519413728558), 'C_GBM': np.float64(0.7927868852459017), 'IBS_GBM': np.float64(0.1419486653541183)}
{'dataset': 'flchain', 'fold': 0, 'C_COX': np.float64(0.8123119712855952), 'IBS_COX': np.float64(0.08128142764948534), 'C_RSF': np.float64(0.8010898218753724), 'IBS_RSF': np.float64(0.08309074099670713), 'C_GBM': np.float64(0.8111949690218039), 'IBS_GBM': np.float64(0.08067109793363236)}
{'dataset': 'flchain', 'fold': 1, 'C_COX': np.float64(0.796175408811485), 'IBS_COX': np.float64(0.08174034471345713), 'C_RSF': np.float64(0.7996921670506805), 'IBS_RSF': np.float64(0.08265597100452737), 'C_GBM': np.float64(0.8004915998917921), 'IBS_GBM': np.float64(0.08166022586023267)}
{'dataset': 'flchain', 'fold': 2, 'C_COX': np.float64(0.7851319100727108), 'IBS_COX': np.float64(0.0815413097231064), 'C_RSF': np.float64(0.7837315553409419), 'IBS_RSF': np.float64(0.08300571016837979), 'C_GBM': np.float64(0.7847613918114535), 'IBS_GBM': np.float64(0.0816271639946432)}
{'dataset': 'flchain', 'fold': 3, 'C_COX': np.float64(0.7911720363116872), 'IBS_COX': np.float64(0.0816424041880372), 'C_RSF': np.float64(0.7873981957089268), 'IBS_RSF': np.float64(0.08240052269994123), 'C_GBM': np.float64(0.7922693675193727), 'IBS_GBM': np.float64(0.08147581068881092)}
{'dataset': 'flchain', 'fold': 4, 'C_COX': np.float64(0.7987477588991824), 'IBS_COX': np.float64(0.07892367711532246), 'C_RSF': np.float64(0.7876740842709414), 'IBS_RSF': np.float64(0.0814293148370995), 'C_GBM': np.float64(0.80257960186578), 'IBS_GBM': np.float64(0.07844718221932752)}
{'dataset': 'flchain', 'fold': 5, 'C_COX': np.float64(0.7940591096146652), 'IBS_COX': np.float64(0.0795887108100937), 'C_RSF': np.float64(0.7949943883277216), 'IBS_RSF': np.float64(0.08092508995772138), 'C_GBM': np.float64(0.8005415263748598), 'IBS_GBM': np.float64(0.07969694822552555)}
{'dataset': 'flchain', 'fold': 6, 'C_COX': np.float64(0.8177303749180426), 'IBS_COX': np.float64(0.07839870999008487), 'C_RSF': np.float64(0.8117847350539429), 'IBS_RSF': np.float64(0.07961046735964329), 'C_GBM': np.float64(0.8201192480777254), 'IBS_GBM': np.float64(0.07776826985722647)}
{'dataset': 'flchain', 'fold': 7, 'C_COX': np.float64(0.8018133307351878), 'IBS_COX': np.float64(0.07750305410580106), 'C_RSF': np.float64(0.7923981758020213), 'IBS_RSF': np.float64(0.08055067897377122), 'C_GBM': np.float64(0.8024269552606826), 'IBS_GBM': np.float64(0.07756851462046187)}
{'dataset': 'flchain', 'fold': 8, 'C_COX': np.float64(0.7770975216940113), 'IBS_COX': np.float64(0.0876771292606843), 'C_RSF': np.float64(0.7751038671690478), 'IBS_RSF': np.float64(0.08731282841598939), 'C_GBM': np.float64(0.7803111737641015), 'IBS_GBM': np.float64(0.08631888411131045)}
{'dataset': 'flchain', 'fold': 9, 'C_COX': np.float64(0.7919016724203356), 'IBS_COX': np.float64(0.08233823556832866), 'C_RSF': np.float64(0.7882810258498616), 'IBS_RSF': np.float64(0.08410862460408494), 'C_GBM': np.float64(0.7878441789221358), 'IBS_GBM': np.float64(0.08225870760891818)}
{'dataset': 'flchain', 'fold': 10, 'C_COX': np.float64(0.7917501192179304), 'IBS_COX': np.float64(0.08474243762301295), 'C_RSF': np.float64(0.7832269542569972), 'IBS_RSF': np.float64(0.0862472712498611), 'C_GBM': np.float64(0.7936530207989435), 'IBS_GBM': np.float64(0.08475350559428937)}
{'dataset': 'flchain', 'fold': 11, 'C_COX': np.float64(0.8023872357035734), 'IBS_COX': np.float64(0.08008725972581288), 'C_RSF': np.float64(0.799238370583698), 'IBS_RSF': np.float64(0.08078748471076834), 'C_GBM': np.float64(0.805932043531286), 'IBS_GBM': np.float64(0.07914861765184573)}
{'dataset': 'flchain', 'fold': 12, 'C_COX': np.float64(0.8084204488099961), 'IBS_COX': np.float64(0.07730555371055045), 'C_RSF': np.float64(0.7991362018583393), 'IBS_RSF': np.float64(0.08074177272946244), 'C_GBM': np.float64(0.8084949462780133), 'IBS_GBM': np.float64(0.07734321968018085)}
{'dataset': 'flchain', 'fold': 13, 'C_COX': np.float64(0.7846560290607785), 'IBS_COX': np.float64(0.08001987198638395), 'C_RSF': np.float64(0.7889809964124349), 'IBS_RSF': np.float64(0.08143367549171067), 'C_GBM': np.float64(0.7868963809123524), 'IBS_GBM': np.float64(0.07963960660004096)}
{'dataset': 'flchain', 'fold': 14, 'C_COX': np.float64(0.7916858376417165), 'IBS_COX': np.float64(0.08471573952813805), 'C_RSF': np.float64(0.7800818420662211), 'IBS_RSF': np.float64(0.08490148881101484), 'C_GBM': np.float64(0.7906585863745542), 'IBS_GBM': np.float64(0.08406317417128922)}
{'dataset': 'aids', 'fold': 0, 'C_COX': np.float64(0.7085084033613446), 'IBS_COX': np.float64(0.036446451298321025), 'C_RSF': np.float64(0.7720588235294118), 'IBS_RSF': np.float64(0.036486311703745174), 'C_GBM': np.float64(0.7351628151260504), 'IBS_GBM': np.float64(0.037322024494837944)}
{'dataset': 'aids', 'fold': 1, 'C_COX': np.float64(0.6430842607313195), 'IBS_COX': np.float64(0.04338757917034961), 'C_RSF': np.float64(0.6531531531531531), 'IBS_RSF': np.float64(0.04274322580014425), 'C_GBM': np.float64(0.6609697933227345), 'IBS_GBM': np.float64(0.04446108757383563)}
{'dataset': 'aids', 'fold': 2, 'C_COX': np.float64(0.779651795429815), 'IBS_COX': np.float64(0.04076305089656363), 'C_RSF': np.float64(0.7970620239390642), 'IBS_RSF': np.float64(0.04134911198211751), 'C_GBM': np.float64(0.7555767138193689), 'IBS_GBM': np.float64(0.04239763377106152)}
{'dataset': 'aids', 'fold': 3, 'C_COX': np.float64(0.8394444444444444), 'IBS_COX': np.float64(0.02579158335412398), 'C_RSF': np.float64(0.7808333333333334), 'IBS_RSF': np.float64(0.02833974700055936), 'C_GBM': np.float64(0.7941666666666667), 'IBS_GBM': np.float64(0.02727160793505362)}
{'dataset': 'aids', 'fold': 4, 'C_COX': np.float64(0.7267918540068765), 'IBS_COX': np.float64(0.048045492918726326), 'C_RSF': np.float64(0.7101295953451467), 'IBS_RSF': np.float64(0.04850801459530081), 'C_GBM': np.float64(0.7135678391959799), 'IBS_GBM': np.float64(0.04961675211688705)}
{'dataset': 'aids', 'fold': 5, 'C_COX': np.float64(0.6702631578947369), 'IBS_COX': np.float64(0.03560405918788972), 'C_RSF': np.float64(0.7242105263157895), 'IBS_RSF': np.float64(0.035875535149938596), 'C_GBM': np.float64(0.6661842105263158), 'IBS_GBM': np.float64(0.036695072600809696)}
{'dataset': 'aids', 'fold': 6, 'C_COX': np.float64(0.7651474530831099), 'IBS_COX': np.float64(0.04335913079296444), 'C_RSF': np.float64(0.7541554959785522), 'IBS_RSF': np.float64(0.04355531119915886), 'C_GBM': np.float64(0.745710455764075), 'IBS_GBM': np.float64(0.04541704625522434)}
{'dataset': 'aids', 'fold': 7, 'C_COX': np.float64(0.7163182346109176), 'IBS_COX': np.float64(0.031235371012144336), 'C_RSF': np.float64(0.7761324041811847), 'IBS_RSF': np.float64(0.030924775032656907), 'C_GBM': np.float64(0.7245934959349594), 'IBS_GBM': np.float64(0.03146207334821764)}
{'dataset': 'aids', 'fold': 8, 'C_COX': np.float64(0.6724540036278829), 'IBS_COX': np.float64(0.049087142429806024), 'C_RSF': np.float64(0.7178025395180099), 'IBS_RSF': np.float64(0.04736956268901691), 'C_GBM': np.float64(0.7123607152111946), 'IBS_GBM': np.float64(0.05491677198924438)}
{'dataset': 'aids', 'fold': 9, 'C_COX': np.float64(0.8099868593955322), 'IBS_COX': np.float64(0.037941114188022755), 'C_RSF': np.float64(0.7816031537450723), 'IBS_RSF': np.float64(0.0391928156012683), 'C_GBM': np.float64(0.7396846254927727), 'IBS_GBM': np.float64(0.04090029431181013)}
{'dataset': 'aids', 'fold': 10, 'C_COX': np.float64(0.7549120992761117), 'IBS_COX': np.float64(0.03623916043900326), 'C_RSF': np.float64(0.7709410548086867), 'IBS_RSF': np.float64(0.03811897909237776), 'C_GBM': np.float64(0.7723629782833505), 'IBS_GBM': np.float64(0.03796083468816908)}
{'dataset': 'aids', 'fold': 11, 'C_COX': np.float64(0.8188014768531667), 'IBS_COX': np.float64(0.036697760669939926), 'C_RSF': np.float64(0.8017608633910821), 'IBS_RSF': np.float64(0.03767081836664051), 'C_GBM': np.float64(0.7713717693836978), 'IBS_GBM': np.float64(0.03819610272420534)}
{'dataset': 'aids', 'fold': 12, 'C_COX': np.float64(0.5689831374552887), 'IBS_COX': np.float64(0.05490186119202841), 'C_RSF': np.float64(0.5669391926417987), 'IBS_RSF': np.float64(0.05516201586667455), 'C_GBM': np.float64(0.6085845682166582), 'IBS_GBM': np.float64(0.05606166113096178)}
{'dataset': 'aids', 'fold': 13, 'C_COX': np.float64(0.7760905577029266), 'IBS_COX': np.float64(0.036315066875397775), 'C_RSF': np.float64(0.7683600220872446), 'IBS_RSF': np.float64(0.03549320161086207), 'C_GBM': np.float64(0.7397846493649917), 'IBS_GBM': np.float64(0.036144939330383985)}
{'dataset': 'aids', 'fold': 14, 'C_COX': np.float64(0.7743935309973046), 'IBS_COX': np.float64(0.031763298951950604), 'C_RSF': np.float64(0.8051212938005391), 'IBS_RSF': np.float64(0.030920984939479104), 'C_GBM': np.float64(0.7758760107816711), 'IBS_GBM': np.float64(0.03240564738703642)}
{'dataset': 'aids', 'fold': 15, 'C_COX': np.float64(0.7275449101796407), 'IBS_COX': np.float64(0.04520827137160308), 'C_RSF': np.float64(0.7514970059880239), 'IBS_RSF': np.float64(0.04462539635941752), 'C_GBM': np.float64(0.7163173652694611), 'IBS_GBM': np.float64(0.046598285662205814)}
{'dataset': 'aids', 'fold': 16, 'C_COX': np.float64(0.830318690783807), 'IBS_COX': np.float64(0.032038896074224006), 'C_RSF': np.float64(0.8334768877404536), 'IBS_RSF': np.float64(0.03237334275069847), 'C_GBM': np.float64(0.8080677576801608), 'IBS_GBM': np.float64(0.03520408104178325)}
{'dataset': 'aids', 'fold': 17, 'C_COX': np.float64(0.8151284222410387), 'IBS_COX': np.float64(0.030582056008833857), 'C_RSF': np.float64(0.80383855489698), 'IBS_RSF': np.float64(0.028269022258713847), 'C_GBM': np.float64(0.7993226079593565), 'IBS_GBM': np.float64(0.02910031588595339)}
{'dataset': 'aids', 'fold': 18, 'C_COX': np.float64(0.6211326691137913), 'IBS_COX': np.float64(0.04633078644317521), 'C_RSF': np.float64(0.6798636601992659), 'IBS_RSF': np.float64(0.04379351248373959), 'C_GBM': np.float64(0.6456476140534871), 'IBS_GBM': np.float64(0.044443214886786014)}
{'dataset': 'aids', 'fold': 19, 'C_COX': np.float64(0.7768638896258955), 'IBS_COX': np.float64(0.044463553233617184), 'C_RSF': np.float64(0.6954099230565136), 'IBS_RSF': np.float64(0.046731317307745684), 'C_GBM': np.float64(0.6660918015388697), 'IBS_GBM': np.float64(0.047618032264801144)}
{'dataset': 'aids', 'fold': 20, 'C_COX': np.float64(0.6790853031860226), 'IBS_COX': np.float64(0.04972105132677627), 'C_RSF': np.float64(0.6831963001027749), 'IBS_RSF': np.float64(0.04837712251443383), 'C_GBM': np.float64(0.6486382322713258), 'IBS_GBM': np.float64(0.05196286863205549)}
{'dataset': 'aids', 'fold': 21, 'C_COX': np.float64(0.7626608267177662), 'IBS_COX': np.float64(0.03149371971101354), 'C_RSF': np.float64(0.7591021078565563), 'IBS_RSF': np.float64(0.03165809114746062), 'C_GBM': np.float64(0.726115521489187), 'IBS_GBM': np.float64(0.032897762553900894)}
{'dataset': 'aids', 'fold': 22, 'C_COX': np.float64(0.7384863991381632), 'IBS_COX': np.float64(0.03999656957850092), 'C_RSF': np.float64(0.7371397791543226), 'IBS_RSF': np.float64(0.040395544558052936), 'C_GBM': np.float64(0.6817936978184757), 'IBS_GBM': np.float64(0.04334261289358162)}
{'dataset': 'aids', 'fold': 23, 'C_COX': np.float64(0.7853260869565217), 'IBS_COX': np.float64(0.031594820713499415), 'C_RSF': np.float64(0.7972826086956522), 'IBS_RSF': np.float64(0.033623370357182755), 'C_GBM': np.float64(0.7123641304347826), 'IBS_GBM': np.float64(0.036706241063630886)}
{'dataset': 'aids', 'fold': 24, 'C_COX': np.float64(0.7260681449432126), 'IBS_COX': np.float64(0.042674764317878235), 'C_RSF': np.float64(0.7577068685776095), 'IBS_RSF': np.float64(0.042717138625484395), 'C_GBM': np.float64(0.7160627366143861), 'IBS_GBM': np.float64(0.04480980476508618)}
{'dataset': 'veterans_lung_cancer', 'fold': 0, 'C_COX': np.float64(0.6704545454545454), 'IBS_COX': np.float64(0.1769724206158665), 'C_RSF': np.float64(0.5909090909090909), 'IBS_RSF': np.float64(0.18676982382170218), 'C_GBM': np.float64(0.5625), 'IBS_GBM': np.float64(0.2505790111200903)}
{'dataset': 'veterans_lung_cancer', 'fold': 1, 'C_COX': np.float64(0.7587209302325582), 'IBS_COX': np.float64(0.14058557370061753), 'C_RSF': np.float64(0.8401162790697675), 'IBS_RSF': np.float64(0.1809888839015361), 'C_GBM': np.float64(0.7238372093023255), 'IBS_GBM': np.float64(0.16294896370885195)}
{'dataset': 'veterans_lung_cancer', 'fold': 2, 'C_COX': np.float64(0.6627565982404692), 'IBS_COX': np.float64(0.17494293505684708), 'C_RSF': np.float64(0.6598240469208211), 'IBS_RSF': np.float64(0.1842270970454559), 'C_GBM': np.float64(0.6774193548387096), 'IBS_GBM': np.float64(0.17365037019389404)}
{'dataset': 'veterans_lung_cancer', 'fold': 3, 'C_COX': np.float64(0.7283582089552239), 'IBS_COX': np.float64(0.16016649650124015), 'C_RSF': np.float64(0.7044776119402985), 'IBS_RSF': np.float64(0.16964146791383472), 'C_GBM': np.float64(0.7313432835820896), 'IBS_GBM': np.float64(0.1597087729422555)}
{'dataset': 'veterans_lung_cancer', 'fold': 4, 'C_COX': np.float64(0.7261904761904762), 'IBS_COX': np.float64(0.1982755334868692), 'C_RSF': np.float64(0.7157738095238095), 'IBS_RSF': np.float64(0.2264080552402866), 'C_GBM': np.float64(0.6875), 'IBS_GBM': np.float64(0.20777889044395675)}
{'dataset': 'veterans_lung_cancer', 'fold': 5, 'C_COX': np.float64(0.7138888888888889), 'IBS_COX': np.float64(0.16461237952650465), 'C_RSF': np.float64(0.7027777777777777), 'IBS_RSF': np.float64(0.18239017619529205), 'C_GBM': np.float64(0.6888888888888889), 'IBS_GBM': np.float64(0.1829190293926516)}
{'dataset': 'veterans_lung_cancer', 'fold': 6, 'C_COX': np.float64(0.6807909604519774), 'IBS_COX': np.float64(0.19552826190468234), 'C_RSF': np.float64(0.6454802259887006), 'IBS_RSF': np.float64(0.2013058255793545), 'C_GBM': np.float64(0.597457627118644), 'IBS_GBM': np.float64(0.24962328201853898)}
{'dataset': 'veterans_lung_cancer', 'fold': 7, 'C_COX': np.float64(0.75), 'IBS_COX': np.float64(0.14866379689876247), 'C_RSF': np.float64(0.7440476190476191), 'IBS_RSF': np.float64(0.17926677045849498), 'C_GBM': np.float64(0.7738095238095238), 'IBS_GBM': np.float64(0.1405420058206349)}
{'dataset': 'veterans_lung_cancer', 'fold': 8, 'C_COX': np.float64(0.6796407185628742), 'IBS_COX': np.float64(0.1769390233415226), 'C_RSF': np.float64(0.6317365269461078), 'IBS_RSF': np.float64(0.19192206559805663), 'C_GBM': np.float64(0.5988023952095808), 'IBS_GBM': np.float64(0.2221261751446223)}
{'dataset': 'veterans_lung_cancer', 'fold': 9, 'C_COX': np.float64(0.7926829268292683), 'IBS_COX': np.float64(0.16607089205448583), 'C_RSF': np.float64(0.7957317073170732), 'IBS_RSF': np.float64(0.19208604093186288), 'C_GBM': np.float64(0.6676829268292683), 'IBS_GBM': np.float64(0.197934324179159)}
{'dataset': 'veterans_lung_cancer', 'fold': 10, 'C_COX': np.float64(0.7037037037037037), 'IBS_COX': np.float64(0.16261331307930077), 'C_RSF': np.float64(0.7094017094017094), 'IBS_RSF': np.float64(0.17332512289065782), 'C_GBM': np.float64(0.7150997150997151), 'IBS_GBM': np.float64(0.14463122563887182)}
{'dataset': 'veterans_lung_cancer', 'fold': 11, 'C_COX': np.float64(0.6628895184135978), 'IBS_COX': np.float64(0.18126630317895318), 'C_RSF': np.float64(0.623229461756374), 'IBS_RSF': np.float64(0.18925167932948833), 'C_GBM': np.float64(0.6147308781869688), 'IBS_GBM': np.float64(0.19827272134146667)}
{'dataset': 'veterans_lung_cancer', 'fold': 12, 'C_COX': np.float64(0.7433628318584071), 'IBS_COX': np.float64(0.16480664015969823), 'C_RSF': np.float64(0.700589970501475), 'IBS_RSF': np.float64(0.19678837479891537), 'C_GBM': np.float64(0.6607669616519174), 'IBS_GBM': np.float64(0.22387641555231838)}
{'dataset': 'veterans_lung_cancer', 'fold': 13, 'C_COX': np.float64(0.7592592592592593), 'IBS_COX': np.float64(0.16703729013009075), 'C_RSF': np.float64(0.7469135802469136), 'IBS_RSF': np.float64(0.20193119674786278), 'C_GBM': np.float64(0.7253086419753086), 'IBS_GBM': np.float64(0.2105268089865665)}
{'dataset': 'veterans_lung_cancer', 'fold': 14, 'C_COX': np.float64(0.7248520710059172), 'IBS_COX': np.float64(0.16565958234480171), 'C_RSF': np.float64(0.7174556213017751), 'IBS_RSF': np.float64(0.18919320542408757), 'C_GBM': np.float64(0.6789940828402367), 'IBS_GBM': np.float64(0.1846924552843927)}
{'dataset': 'veterans_lung_cancer', 'fold': 15, 'C_COX': np.float64(0.773371104815864), 'IBS_COX': np.float64(0.1772258791709109), 'C_RSF': np.float64(0.6402266288951841), 'IBS_RSF': np.float64(0.23074441772484824), 'C_GBM': np.float64(0.6798866855524079), 'IBS_GBM': np.float64(0.2421344000951521)}
{'dataset': 'veterans_lung_cancer', 'fold': 16, 'C_COX': np.float64(0.7174515235457064), 'IBS_COX': np.float64(0.18821729732877474), 'C_RSF': np.float64(0.7049861495844876), 'IBS_RSF': np.float64(0.17768376659400728), 'C_GBM': np.float64(0.6842105263157895), 'IBS_GBM': np.float64(0.16426169442524877)}
{'dataset': 'veterans_lung_cancer', 'fold': 17, 'C_COX': np.float64(0.7005988023952096), 'IBS_COX': np.float64(0.1803149968816887), 'C_RSF': np.float64(0.7215568862275449), 'IBS_RSF': np.float64(0.18624291025800557), 'C_GBM': np.float64(0.6766467065868264), 'IBS_GBM': np.float64(0.1998884276200245)}
{'dataset': 'veterans_lung_cancer', 'fold': 18, 'C_COX': np.float64(0.7080745341614907), 'IBS_COX': np.float64(0.1694573687374016), 'C_RSF': np.float64(0.7484472049689441), 'IBS_RSF': np.float64(0.1730690569405903), 'C_GBM': np.float64(0.6645962732919255), 'IBS_GBM': np.float64(0.19982843573143852)}
{'dataset': 'veterans_lung_cancer', 'fold': 19, 'C_COX': np.float64(0.7130177514792899), 'IBS_COX': np.float64(0.144146841059361), 'C_RSF': np.float64(0.6538461538461539), 'IBS_RSF': np.float64(0.17800422666331822), 'C_GBM': np.float64(0.6153846153846154), 'IBS_GBM': np.float64(0.20287699974493567)}
{'dataset': 'veterans_lung_cancer', 'fold': 20, 'C_COX': np.float64(0.7348703170028819), 'IBS_COX': np.float64(0.15301052176453264), 'C_RSF': np.float64(0.7406340057636888), 'IBS_RSF': np.float64(0.18155781420645423), 'C_GBM': np.float64(0.69164265129683), 'IBS_GBM': np.float64(0.19389202107926762)}
{'dataset': 'veterans_lung_cancer', 'fold': 21, 'C_COX': np.float64(0.7150837988826816), 'IBS_COX': np.float64(0.1899587939705342), 'C_RSF': np.float64(0.6675977653631285), 'IBS_RSF': np.float64(0.2067745909861035), 'C_GBM': np.float64(0.6550279329608939), 'IBS_GBM': np.float64(0.20038871426507723)}
{'dataset': 'veterans_lung_cancer', 'fold': 22, 'C_COX': np.float64(0.6832844574780058), 'IBS_COX': np.float64(0.16416811192564346), 'C_RSF': np.float64(0.626099706744868), 'IBS_RSF': np.float64(0.17431898069336083), 'C_GBM': np.float64(0.6319648093841642), 'IBS_GBM': np.float64(0.1802160154017496)}
{'dataset': 'veterans_lung_cancer', 'fold': 23, 'C_COX': np.float64(0.7545454545454545), 'IBS_COX': np.float64(0.15745541277636807), 'C_RSF': np.float64(0.7242424242424242), 'IBS_RSF': np.float64(0.19168180173695762), 'C_GBM': np.float64(0.6151515151515151), 'IBS_GBM': np.float64(0.2345977675972116)}
{'dataset': 'veterans_lung_cancer', 'fold': 24, 'C_COX': np.float64(0.6909090909090909), 'IBS_COX': np.float64(0.17499265342519452), 'C_RSF': np.float64(0.703030303030303), 'IBS_RSF': np.float64(0.17615124131734164), 'C_GBM': np.float64(0.6787878787878788), 'IBS_GBM': np.float64(0.18211778624894912)}
{
 "per_dataset": {
  "gbsg2": {
   "C_COX": 0.6769444950922376,
   "C_RSF": 0.6922403230045375,
   "C_GBM": 0.6760210885272764,
   "IBS_COX": 0.1567838111576708,
   "IBS_RSF": 0.15171984470101416,
   "IBS_GBM": 0.15823719108169043,
   "dC": 0.015295827912299713,
   "dI": 0.00506396645665663,
   "nb_ci_dC": [
    -0.010012219239169,
    0.040603875063768426
   ],
   "nb_ci_dI": [
    0.0008775287632605345,
    0.009250404150052724
   ]
  },
  "whas500": {
   "C_COX": 0.7679672806102864,
   "C_RSF": 0.7633072749407589,
   "C_GBM": 0.7589912178702728,
   "IBS_COX": 0.14651638122646862,
   "IBS_RSF": 0.151840060339679,
   "IBS_GBM": 0.15510244303403925,
   "dC": -0.004660005669527631,
   "dI": -0.005323679113210356,
   "nb_ci_dC": [
    -0.023510802621124975,
    0.014190791282069714
   ],
   "nb_ci_dI": [
    -0.013024349759814957,
    0.0023769915333942456
   ]
  },
  "flchain": {
   "C_COX": 0.7963360510131265,
   "C_RSF": 0.7915208254418098,
   "C_GBM": 0.7978783326936572,
   "IBS_COX": 0.08116705771321996,
   "IBS_RSF": 0.08261344280071217,
   "IBS_GBM": 0.08082939525451568,
   "dC": -0.00481522557131661,
   "dI": -0.0014463850874922163,
   "nb_ci_dC": [
    -0.011213194308868484,
    0.0015827431662352644
   ],
   "nb_ci_dI": [
    -0.0026590875806379935,
    -0.00023368259434643928
   ]
  },
  "aids": {
   "C_COX": 0.7394978644702656,
   "C_RSF": 0.7471510868814489,
   "C_GBM": 0.7214551508887992,
   "IBS_COX": 0.03926730448625414,
   "IBS_RSF": 0.03937097075971482,
   "IBS_GBM": 0.040956510772300926,
   "dC": 0.0076532224111833715,
   "dI": -0.0001036662734606715,
   "nb_ci_dC": [
    -0.03143786491384183,
    0.04674430973620858
   ],
   "nb_ci_dI": [
    -0.0015625234222408657,
    0.0013551908753195226
   ]
  },
  "veterans_lung_cancer": {
   "C_COX": 0.7179503389305136,
   "C_RSF": 0.6983652906926416,
   "C_GBM": 0.6678976433618411,
   "IBS_COX": 0.16972353276082608,
   "IBS_RSF": 0.18886898371991506,
   "IBS_GBM": 0.19640050855909305,
   "dC": -0.019585048237872077,
   "dI": -0.019145450959088924,
   "nb_ci_dC": [
    -0.06579096792250176,
    0.026620871446757607
   ],
   "nb_ci_dI": [
    -0.03556100099485267,
    -0.0027299009233251806
   ]
  }
 },
 "pooled_dC": -0.0012222458310466467,
 "ci1": [
  -0.006163616103007075,
  0.0033419995369553764
 ],
 "pooled_dIBS": -0.004191042995319107,
 "ci2": [
  -0.0054967287109300095,
  -0.0028415442803710316
 ],
 "n_datasets_RSF_wins": 2,
 "gates": {
  "G1": false,
  "G2": false,
  "G3": false
 }
}
