{'dataset': 'gbsg2', 'fold': 0, 'C_COX': np.float64(0.6406139731827806), 'IBS_COX': np.float64(0.1789253912016319), 'C_RSF': np.float64(0.6487297106563161), 'IBS_RSF': np.float64(0.17629748830322242), 'C_GBM': np.float64(0.6224417784050812), 'IBS_GBM': np.float64(0.18051253333002007)}
{'dataset': 'gbsg2', 'fold': 1, 'C_COX': np.float64(0.7205707491082045), 'IBS_COX': np.float64(0.14192227581149613), 'C_RSF': np.float64(0.7399920729290527), 'IBS_RSF': np.float64(0.13389311702957749), 'C_GBM': np.float64(0.7138327388030122), 'IBS_GBM': np.float64(0.14917863060952014)}
{'dataset': 'gbsg2', 'fold': 2, 'C_COX': np.float64(0.661140315406389), 'IBS_COX': np.float64(0.1401894380283004), 'C_RSF': np.float64(0.6668014557217954), 'IBS_RSF': np.float64(0.13607605343170923), 'C_GBM': np.float64(0.6487060250707642), 'IBS_GBM': np.float64(0.1516686680225641)}
{'dataset': 'gbsg2', 'fold': 3, 'C_COX': np.float64(0.727919708029197), 'IBS_COX': np.float64(0.16401064652989775), 'C_RSF': np.float64(0.727919708029197), 'IBS_RSF': np.float64(0.15792686311330154), 'C_GBM': np.float64(0.73257299270073), 'IBS_GBM': np.float64(0.15985965763745627)}
{'dataset': 'gbsg2', 'fold': 4, 'C_COX': np.float64(0.6497480873297257), 'IBS_COX': np.float64(0.1578173963750837), 'C_RSF': np.float64(0.697891397648815), 'IBS_RSF': np.float64(0.1495865114613621), 'C_GBM': np.float64(0.6779249860048516), 'IBS_GBM': np.float64(0.15398807098781989)}
{'dataset': 'gbsg2', 'fold': 5, 'C_COX': np.float64(0.7200577200577201), 'IBS_COX': np.float64(0.16401372717188004), 'C_RSF': np.float64(0.7175324675324676), 'IBS_RSF': np.float64(0.1622602166275784), 'C_GBM': np.float64(0.7019300144300145), 'IBS_GBM': np.float64(0.16105707098072336)}
{'dataset': 'gbsg2', 'fold': 6, 'C_COX': np.float64(0.6818532818532819), 'IBS_COX': np.float64(0.14781971771434768), 'C_RSF': np.float64(0.6586872586872586), 'IBS_RSF': np.float64(0.1510547290075215), 'C_GBM': np.float64(0.638030888030888), 'IBS_GBM': np.float64(0.1607334802578301)}
{'dataset': 'gbsg2', 'fold': 7, 'C_COX': np.float64(0.6362954630671166), 'IBS_COX': np.float64(0.17065517588550458), 'C_RSF': np.float64(0.6859767529058868), 'IBS_RSF': np.float64(0.15511644967101898), 'C_GBM': np.float64(0.6781964754405699), 'IBS_GBM': np.float64(0.17231234391328304)}
{'dataset': 'gbsg2', 'fold': 8, 'C_COX': np.float64(0.6760428626100268), 'IBS_COX': np.float64(0.15034555097070929), 'C_RSF': np.float64(0.7250287026406429), 'IBS_RSF': np.float64(0.1443704923043567), 'C_GBM': np.float64(0.6980482204362801), 'IBS_GBM': np.float64(0.15229930714064022)}
{'dataset': 'gbsg2', 'fold': 9, 'C_COX': np.float64(0.6370313103981445), 'IBS_COX': np.float64(0.15680794879088977), 'C_RSF': np.float64(0.6648627754155393), 'IBS_RSF': np.float64(0.1474058568383396), 'C_GBM': np.float64(0.6647661383842288), 'IBS_GBM': np.float64(0.15212897859676355)}
{'dataset': 'gbsg2', 'fold': 10, 'C_COX': np.float64(0.7582222222222222), 'IBS_COX': np.float64(0.15424763622398577), 'C_RSF': np.float64(0.7888), 'IBS_RSF': np.float64(0.14606417492383642), 'C_GBM': np.float64(0.7571555555555556), 'IBS_GBM': np.float64(0.14592761505215485)}
{'dataset': 'gbsg2', 'fold': 11, 'C_COX': np.float64(0.6290705197325858), 'IBS_COX': np.float64(0.14397897544540764), 'C_RSF': np.float64(0.6514988138882899), 'IBS_RSF': np.float64(0.14383998100661338), 'C_GBM': np.float64(0.6372654733664007), 'IBS_GBM': np.float64(0.15661434971875968)}
{'dataset': 'gbsg2', 'fold': 12, 'C_COX': np.float64(0.6623063683304647), 'IBS_COX': np.float64(0.16755173170482332), 'C_RSF': np.float64(0.6555938037865748), 'IBS_RSF': np.float64(0.16564625715113473), 'C_GBM': np.float64(0.6655765920826162), 'IBS_GBM': np.float64(0.16454309797286787)}
{'dataset': 'gbsg2', 'fold': 13, 'C_COX': np.float64(0.6197755417956656), 'IBS_COX': np.float64(0.16558367253740533), 'C_RSF': np.float64(0.651702786377709), 'IBS_RSF': np.float64(0.16123655913079493), 'C_GBM': np.float64(0.6385448916408669), 'IBS_GBM': np.float64(0.1732242529405732)}
{'dataset': 'gbsg2', 'fold': 14, 'C_COX': np.float64(0.7235215820498193), 'IBS_COX': np.float64(0.15152272961840524), 'C_RSF': np.float64(0.7037459593078532), 'IBS_RSF': np.float64(0.14465067317325625), 'C_GBM': np.float64(0.6735120745388857), 'IBS_GBM': np.float64(0.1487917979647684)}
{'dataset': 'gbsg2', 'fold': 15, 'C_COX': np.float64(0.6533210332103321), 'IBS_COX': np.float64(0.16718674961707636), 'C_RSF': np.float64(0.6736162361623617), 'IBS_RSF': np.float64(0.1605822253497998), 'C_GBM': np.float64(0.6714022140221402), 'IBS_GBM': np.float64(0.16535488880390378)}
{'dataset': 'gbsg2', 'fold': 16, 'C_COX': np.float64(0.653197405004634), 'IBS_COX': np.float64(0.17569775293936124), 'C_RSF': np.float64(0.7086190917516219), 'IBS_RSF': np.float64(0.16741177253461642), 'C_GBM': np.float64(0.7104726598702502), 'IBS_GBM': np.float64(0.16086964187462907)}
{'dataset': 'gbsg2', 'fold': 17, 'C_COX': np.float64(0.6506625696178222), 'IBS_COX': np.float64(0.14941178474436118), 'C_RSF': np.float64(0.6594968311887843), 'IBS_RSF': np.float64(0.14383834296163014), 'C_GBM': np.float64(0.6161897445746111), 'IBS_GBM': np.float64(0.1500121587427011)}
{'dataset': 'gbsg2', 'fold': 18, 'C_COX': np.float64(0.7507240780073373), 'IBS_COX': np.float64(0.13707537766890213), 'C_RSF': np.float64(0.7524618652249468), 'IBS_RSF': np.float64(0.13319627435511036), 'C_GBM': np.float64(0.7396215485614983), 'IBS_GBM': np.float64(0.13292784874522712)}
{'dataset': 'gbsg2', 'fold': 19, 'C_COX': np.float64(0.7174573055028463), 'IBS_COX': np.float64(0.14940717823613384), 'C_RSF': np.float64(0.6965844402277039), 'IBS_RSF': np.float64(0.14783752359687224), 'C_GBM': np.float64(0.677134724857685), 'IBS_GBM': np.float64(0.1626100392317574)}
{'dataset': 'gbsg2', 'fold': 20, 'C_COX': np.float64(0.6724541552867733), 'IBS_COX': np.float64(0.14563898187864716), 'C_RSF': np.float64(0.6868903628560281), 'IBS_RSF': np.float64(0.14226899196547288), 'C_GBM': np.float64(0.6722590714007023), 'IBS_GBM': np.float64(0.15368330037108904)}
{'dataset': 'gbsg2', 'fold': 21, 'C_COX': np.float64(0.6452087548280302), 'IBS_COX': np.float64(0.16121796706936434), 'C_RSF': np.float64(0.663049475813868), 'IBS_RSF': np.float64(0.1531922828478922), 'C_GBM': np.float64(0.6258966341732574), 'IBS_GBM': np.float64(0.16462616861306406)}
{'dataset': 'gbsg2', 'fold': 22, 'C_COX': np.float64(0.6648189209164819), 'IBS_COX': np.float64(0.16196453577878261), 'C_RSF': np.float64(0.7078713968957872), 'IBS_RSF': np.float64(0.1578918283135384), 'C_GBM': np.float64(0.6889320029563932), 'IBS_GBM': np.float64(0.15963048992857512)}
{'dataset': 'gbsg2', 'fold': 23, 'C_COX': np.float64(0.6877044448720415), 'IBS_COX': np.float64(0.15634223462948799), 'C_RSF': np.float64(0.692707331152588), 'IBS_RSF': np.float64(0.15224181130303432), 'C_GBM': np.float64(0.6931883779103328), 'IBS_GBM': np.float64(0.15221881847287086)}
{'dataset': 'gbsg2', 'fold': 24, 'C_COX': np.float64(0.6838940048862996), 'IBS_COX': np.float64(0.1550875923397187), 'C_RSF': np.float64(0.6799473783123473), 'IBS_RSF': np.float64(0.15396515706761305), 'C_GBM': np.float64(0.6569253899642924), 'IBS_GBM': np.float64(0.16593944685859702)}
{'dataset': 'whas500', 'fold': 0, 'C_COX': np.float64(0.7796321525885559), 'IBS_COX': np.float64(0.1465084104260144), 'C_RSF': np.float64(0.7874659400544959), 'IBS_RSF': np.float64(0.14260305814548702), 'C_GBM': np.float64(0.7741825613079019), 'IBS_GBM': np.float64(0.1408495030801501)}
Traceback (most recent call last):
  File "/home/sandbox/algo50/35-survival-rsf-vs-cox/code/run.py", line 30, in <module>
    out['IBS_'+m]=integrated_brier_score(ytr,yte,P,grid)
  File "/usr/local/lib/python3.10/dist-packages/sksurv/metrics.py", line 777, in integrated_brier_score
    times, brier_scores = brier_score(survival_train, survival_test, estimate, times)
  File "/usr/local/lib/python3.10/dist-packages/sksurv/metrics.py", line 656, in brier_score
    prob_cens_y = cens.predict_proba(test_time)
  File "/usr/local/lib/python3.10/dist-packages/sksurv/nonparametric.py", line 584, in predict_proba
    raise ValueError(f"time must be smaller than largest observed time point: {self.unique_time_[-1]}")
ValueError: time must be smaller than largest observed time point: 2353.0
