{
 "n_nodes": 14449,
 "n_edges": 154594,
 "n_diseases": 23,
 "n_queries": 196,
 "auroc_DEG": 0.6515399996906681,
 "top100_DEG": 0.015306122448979591,
 "auroc_DN": 0.7139173577114691,
 "top100_DN": 0.28061224489795916,
 "auroc_RWR": 0.8068038469680818,
 "top100_RWR": 0.3010204081632653,
 "auroc_RWRdc": 0.8046285023589675,
 "top100_RWRdc": 0.25510204081632654,
 "d_auc_RWR_DN": 0.09288648925661269,
 "ci1": [
  0.05669448571880695,
  0.13670992688936817
 ],
 "d_top_RWR_DN": 0.020408163265306145,
 "ci2": [
  -0.040407452907452915,
  0.0867170594338224
 ],
 "d_top_dc_RWR": -0.04591836734693877,
 "ci3": [
  -0.07729468599033815,
  -0.015706806282722502
 ],
 "gates": {
  "G1": true,
  "G2": false,
  "G3": false
 }
}
