This is pdfTeX, Version 3.141592653-2.6-1.40.22 (TeX Live 2022/dev/Debian) (preloaded format=pdflatex 2026.8.14)  23 SEP 2026 04:43
entering extended mode
 restricted \write18 enabled.
 %&-line parsing enabled.
**DOC-2-096-R0-R4-paper.tex
(./DOC-2-096-R0-R4-paper.tex
LaTeX2e <2021-11-15> patch level 1
L3 programming layer <2022-01-21>
(/usr/share/texlive/texmf-dist/tex/latex/base/article.cls
Document Class: article 2021/10/04 v1.4n Standard LaTeX document class
(/usr/share/texlive/texmf-dist/tex/latex/base/size10.clo
File: size10.clo 2021/10/04 v1.4n Standard LaTeX file (size option)
)
\c@part=\count185
\c@section=\count186
\c@subsection=\count187
\c@subsubsection=\count188
\c@paragraph=\count189
\c@subparagraph=\count190
\c@figure=\count191
\c@table=\count192
\abovecaptionskip=\skip47
\belowcaptionskip=\skip48
\bibindent=\dimen138
)
(/usr/share/texlive/texmf-dist/tex/latex/geometry/geometry.sty
Package: geometry 2020/01/02 v5.9 Page Geometry

(/usr/share/texlive/texmf-dist/tex/latex/graphics/keyval.sty
Package: keyval 2014/10/28 v1.15 key=value parser (DPC)
\KV@toks@=\toks16
)
(/usr/share/texlive/texmf-dist/tex/generic/iftex/ifvtex.sty
Package: ifvtex 2019/10/25 v1.7 ifvtex legacy package. Use iftex instead.

(/usr/share/texlive/texmf-dist/tex/generic/iftex/iftex.sty
Package: iftex 2020/03/06 v1.0d TeX engine tests
))
\Gm@cnth=\count193
\Gm@cntv=\count194
\c@Gm@tempcnt=\count195
\Gm@bindingoffset=\dimen139
\Gm@wd@mp=\dimen140
\Gm@odd@mp=\dimen141
\Gm@even@mp=\dimen142
\Gm@layoutwidth=\dimen143
\Gm@layoutheight=\dimen144
\Gm@layouthoffset=\dimen145
\Gm@layoutvoffset=\dimen146
\Gm@dimlist=\toks17
)
(/usr/share/texlive/texmf-dist/tex/latex/psnfss/mathptmx.sty
Package: mathptmx 2020/03/25 PSNFSS-v9.3 Times w/ Math, improved (SPQR, WaS) 
LaTeX Font Info:    Redeclaring symbol font `operators' on input line 28.
LaTeX Font Info:    Overwriting symbol font `operators' in version `normal'
(Font)                  OT1/cmr/m/n --> OT1/ztmcm/m/n on input line 28.
LaTeX Font Info:    Overwriting symbol font `operators' in version `bold'
(Font)                  OT1/cmr/bx/n --> OT1/ztmcm/m/n on input line 28.
LaTeX Font Info:    Redeclaring symbol font `letters' on input line 29.
LaTeX Font Info:    Overwriting symbol font `letters' in version `normal'
(Font)                  OML/cmm/m/it --> OML/ztmcm/m/it on input line 29.
LaTeX Font Info:    Overwriting symbol font `letters' in version `bold'
(Font)                  OML/cmm/b/it --> OML/ztmcm/m/it on input line 29.
LaTeX Font Info:    Redeclaring symbol font `symbols' on input line 30.
LaTeX Font Info:    Overwriting symbol font `symbols' in version `normal'
(Font)                  OMS/cmsy/m/n --> OMS/ztmcm/m/n on input line 30.
LaTeX Font Info:    Overwriting symbol font `symbols' in version `bold'
(Font)                  OMS/cmsy/b/n --> OMS/ztmcm/m/n on input line 30.
LaTeX Font Info:    Redeclaring symbol font `largesymbols' on input line 31.
LaTeX Font Info:    Overwriting symbol font `largesymbols' in version `normal'
(Font)                  OMX/cmex/m/n --> OMX/ztmcm/m/n on input line 31.
LaTeX Font Info:    Overwriting symbol font `largesymbols' in version `bold'
(Font)                  OMX/cmex/m/n --> OMX/ztmcm/m/n on input line 31.
\symbold=\mathgroup4
\symitalic=\mathgroup5
LaTeX Font Info:    Redeclaring math alphabet \mathbf on input line 34.
LaTeX Font Info:    Overwriting math alphabet `\mathbf' in version `normal'
(Font)                  OT1/cmr/bx/n --> OT1/ptm/bx/n on input line 34.
LaTeX Font Info:    Overwriting math alphabet `\mathbf' in version `bold'
(Font)                  OT1/cmr/bx/n --> OT1/ptm/bx/n on input line 34.
LaTeX Font Info:    Redeclaring math alphabet \mathit on input line 35.
LaTeX Font Info:    Overwriting math alphabet `\mathit' in version `normal'
(Font)                  OT1/cmr/m/it --> OT1/ptm/m/it on input line 35.
LaTeX Font Info:    Overwriting math alphabet `\mathit' in version `bold'
(Font)                  OT1/cmr/bx/it --> OT1/ptm/m/it on input line 35.
LaTeX Info: Redefining \hbar on input line 50.
)
(/usr/share/texlive/texmf-dist/tex/latex/graphics/graphicx.sty
Package: graphicx 2021/09/16 v1.2d Enhanced LaTeX Graphics (DPC,SPQR)

(/usr/share/texlive/texmf-dist/tex/latex/graphics/graphics.sty
Package: graphics 2021/03/04 v1.4d Standard LaTeX Graphics (DPC,SPQR)

(/usr/share/texlive/texmf-dist/tex/latex/graphics/trig.sty
Package: trig 2021/08/11 v1.11 sin cos tan (DPC)
)
(/usr/share/texlive/texmf-dist/tex/latex/graphics-cfg/graphics.cfg
File: graphics.cfg 2016/06/04 v1.11 sample graphics configuration
)
Package graphics Info: Driver file: pdftex.def on input line 107.

(/usr/share/texlive/texmf-dist/tex/latex/graphics-def/pdftex.def
File: pdftex.def 2020/10/05 v1.2a Graphics/color driver for pdftex
))
\Gin@req@height=\dimen147
\Gin@req@width=\dimen148
)
(/usr/share/texlive/texmf-dist/tex/latex/tools/array.sty
Package: array 2021/10/04 v2.5f Tabular extension package (FMi)
\col@sep=\dimen149
\ar@mcellbox=\box50
\extrarowheight=\dimen150
\NC@list=\toks18
\extratabsurround=\skip49
\backup@length=\skip50
\ar@cellbox=\box51
)
(/usr/share/texlive/texmf-dist/tex/latex/tools/longtable.sty
Package: longtable 2021-09-01 v4.17 Multi-page Table package (DPC)
\LTleft=\skip51
\LTright=\skip52
\LTpre=\skip53
\LTpost=\skip54
\LTchunksize=\count196
\LTcapwidth=\dimen151
\LT@head=\box52
\LT@firsthead=\box53
\LT@foot=\box54
\LT@lastfoot=\box55
\LT@gbox=\box56
\LT@cols=\count197
\LT@rows=\count198
\c@LT@tables=\count199
\c@LT@chunks=\count266
\LT@p@ftn=\toks19
)
(/usr/share/texlive/texmf-dist/tex/latex/graphics/color.sty
Package: color 2021/12/07 v1.3c Standard LaTeX Color (DPC)

(/usr/share/texlive/texmf-dist/tex/latex/graphics-cfg/color.cfg
File: color.cfg 2016/01/02 v1.6 sample color configuration
)
Package color Info: Driver file: pdftex.def on input line 149.
)
(/usr/share/texlive/texmf-dist/tex/latex/fancyhdr/fancyhdr.sty
Package: fancyhdr 2021/01/28 v4.0.1 Extensive control of page headers and foote
rs
\f@nch@headwidth=\skip55
\f@nch@O@elh=\skip56
\f@nch@O@erh=\skip57
\f@nch@O@olh=\skip58
\f@nch@O@orh=\skip59
\f@nch@O@elf=\skip60
\f@nch@O@erf=\skip61
\f@nch@O@olf=\skip62
\f@nch@O@orf=\skip63
)
(/usr/share/texlive/texmf-dist/tex/latex/url/url.sty
\Urlmuskip=\muskip16
Package: url 2013/09/16  ver 3.4  Verb mode for urls, etc.
)
LaTeX Font Info:    Trying to load font information for OT1+ptm on input line 1
2.

(/usr/share/texlive/texmf-dist/tex/latex/psnfss/ot1ptm.fd
File: ot1ptm.fd 2001/06/04 font definitions for OT1/ptm.
)
(/usr/share/texlive/texmf-dist/tex/latex/l3backend/l3backend-pdftex.def
File: l3backend-pdftex.def 2022-01-12 L3 backend support: PDF output (pdfTeX)
\l__color_backend_stack_int=\count267
\l__pdf_internal_box=\box57
)
(./DOC-2-096-R0-R4-paper.aux)
\openout1 = `DOC-2-096-R0-R4-paper.aux'.

LaTeX Font Info:    Checking defaults for OML/cmm/m/it on input line 12.
LaTeX Font Info:    ... okay on input line 12.
LaTeX Font Info:    Checking defaults for OMS/cmsy/m/n on input line 12.
LaTeX Font Info:    ... okay on input line 12.
LaTeX Font Info:    Checking defaults for OT1/cmr/m/n on input line 12.
LaTeX Font Info:    ... okay on input line 12.
LaTeX Font Info:    Checking defaults for T1/cmr/m/n on input line 12.
LaTeX Font Info:    ... okay on input line 12.
LaTeX Font Info:    Checking defaults for TS1/cmr/m/n on input line 12.
LaTeX Font Info:    ... okay on input line 12.
LaTeX Font Info:    Checking defaults for OMX/cmex/m/n on input line 12.
LaTeX Font Info:    ... okay on input line 12.
LaTeX Font Info:    Checking defaults for U/cmr/m/n on input line 12.
LaTeX Font Info:    ... okay on input line 12.

*geometry* driver: auto-detecting
*geometry* detected driver: pdftex
*geometry* verbose mode - [ preamble ] result:
* driver: pdftex
* paper: a4paper
* layout: <same size as paper>
* layoutoffset:(h,v)=(0.0pt,0.0pt)
* modes: 
* h-part:(L,W,R)=(52.03448pt, 493.4389pt, 52.03448pt)
* v-part:(T,H,B)=(52.03448pt, 740.97787pt, 52.03448pt)
* \paperwidth=597.50787pt
* \paperheight=845.04684pt
* \textwidth=493.4389pt
* \textheight=740.97787pt
* \oddsidemargin=-20.2355pt
* \evensidemargin=-20.2355pt
* \topmargin=-66.2355pt
* \headheight=21.0pt
* \headsep=25.0pt
* \topskip=10.0pt
* \footskip=30.0pt
* \marginparwidth=65.0pt
* \marginparsep=11.0pt
* \columnsep=10.0pt
* \skip\footins=9.0pt plus 4.0pt minus 2.0pt
* \hoffset=0.0pt
* \voffset=0.0pt
* \mag=1000
* \@twocolumnfalse
* \@twosidefalse
* \@mparswitchfalse
* \@reversemarginfalse
* (1in=72.27pt=25.4mm, 1cm=28.453pt)

\big@size=\dimen152
(/usr/share/texlive/texmf-dist/tex/context/base/mkii/supp-pdf.mkii
[Loading MPS to PDF converter (version 2006.09.02).]
\scratchcounter=\count268
\scratchdimen=\dimen153
\scratchbox=\box58
\nofMPsegments=\count269
\nofMParguments=\count270
\everyMPshowfont=\toks20
\MPscratchCnt=\count271
\MPscratchDim=\dimen154
\MPnumerator=\count272
\makeMPintoPDFobject=\count273
\everyMPtoPDFconversion=\toks21
) (/usr/share/texlive/texmf-dist/tex/latex/epstopdf-pkg/epstopdf-base.sty
Package: epstopdf-base 2020-01-24 v2.11 Base part for package epstopdf
Package epstopdf-base Info: Redefining graphics rule for `.eps' on input line 4
85.

(/usr/share/texlive/texmf-dist/tex/latex/latexconfig/epstopdf-sys.cfg
File: epstopdf-sys.cfg 2010/07/13 v1.3 Configuration of (r)epstopdf for TeX Liv
e
))
LaTeX Font Info:    Trying to load font information for OT1+ztmcm on input line
 13.

(/usr/share/texlive/texmf-dist/tex/latex/psnfss/ot1ztmcm.fd
File: ot1ztmcm.fd 2000/01/03 Fontinst v1.801 font definitions for OT1/ztmcm.
)
LaTeX Font Info:    Trying to load font information for OML+ztmcm on input line
 13.

(/usr/share/texlive/texmf-dist/tex/latex/psnfss/omlztmcm.fd
File: omlztmcm.fd 2000/01/03 Fontinst v1.801 font definitions for OML/ztmcm.
)
LaTeX Font Info:    Trying to load font information for OMS+ztmcm on input line
 13.

(/usr/share/texlive/texmf-dist/tex/latex/psnfss/omsztmcm.fd
File: omsztmcm.fd 2000/01/03 Fontinst v1.801 font definitions for OMS/ztmcm.
)
LaTeX Font Info:    Trying to load font information for OMX+ztmcm on input line
 13.

(/usr/share/texlive/texmf-dist/tex/latex/psnfss/omxztmcm.fd
File: omxztmcm.fd 2000/01/03 Fontinst v1.801 font definitions for OMX/ztmcm.
)
LaTeX Font Info:    Font shape `OT1/ptm/bx/n' in size <10> not available
(Font)              Font shape `OT1/ptm/b/n' tried instead on input line 13.
LaTeX Font Info:    Font shape `OT1/ptm/bx/n' in size <7.4> not available
(Font)              Font shape `OT1/ptm/b/n' tried instead on input line 13.
LaTeX Font Info:    Font shape `OT1/ptm/bx/n' in size <6> not available
(Font)              Font shape `OT1/ptm/b/n' tried instead on input line 13.
 [1{/var/lib/texmf/fonts/map/pdftex/updmap/pdftex.map}

] [2] [3] [4] [5] [6]
<../figures/r0_source_instability.png, id=26, 578.16pt x 361.35pt>
File: ../figures/r0_source_instability.png Graphic file (type png)
<use ../figures/r0_source_instability.png>
Package pdftex.def Info: ../figures/r0_source_instability.png  used on input li
ne 26.
(pdftex.def)             Requested size: 424.35776pt x 265.2224pt.
 [7 <../figures/r0_source_instability.png>] [8] [9] [10]
<../figures/r2_locked_transport.png, id=43, 650.43pt x 274.626pt>
File: ../figures/r2_locked_transport.png Graphic file (type png)
<use ../figures/r2_locked_transport.png>
Package pdftex.def Info: ../figures/r2_locked_transport.png  used on input line
 34.
(pdftex.def)             Requested size: 483.56801pt x 204.17966pt.
 [11 <../figures/r2_locked_transport.png>]
[12] [13] [14] [15]
<../figures/r4_competing_risk_enrichment.png, id=61, 722.7pt x 245.718pt>
File: ../figures/r4_competing_risk_enrichment.png Graphic file (type png)
<use ../figures/r4_competing_risk_enrichment.png>
Package pdftex.def Info: ../figures/r4_competing_risk_enrichment.png  used on i
nput line 44.
(pdftex.def)             Requested size: 483.56801pt x 164.41273pt.
 [16 <../figures/r4_competing_risk_enrichment.png>] [17]
Underfull \hbox (badness 2020) in paragraph at lines 48--48
[]|\OT1/ptm/m/n/7 Benign bur-den marks conflict-prone neigh-bor-hoods:
 []


Underfull \hbox (badness 1275) in paragraph at lines 48--48
\OT1/ptm/m/n/7 strat-i-fied risk dif-fer-ence 0.2522; repli-ca-tion in four
 []

LaTeX Font Info:    Font shape `OT1/ptm/bx/n' in size <7> not available
(Font)              Font shape `OT1/ptm/b/n' tried instead on input line 48.
LaTeX Font Info:    Font shape `OT1/ptm/bx/n' in size <5> not available
(Font)              Font shape `OT1/ptm/b/n' tried instead on input line 48.

Underfull \hbox (badness 10000) in paragraph at lines 48--48
[]|$\OT1/cmtt/m/n/7 0 8 8 0 6 e a e b e c 8 c f 2 4 3 b f 9 a 9 4 f c e c 6 c e
 7 6 2 0
 []


Underfull \hbox (badness 10000) in paragraph at lines 48--48
[]|$\OT1/cmtt/m/n/7 5 5 b c 0 1 7 7 5 a a e 9 7 6 8 9 1 e 9 b d d e b f c 1 6 1
 8 a 6 e
 []


Underfull \hbox (badness 3930) in paragraph at lines 48--48
[]|\OT1/ptm/m/n/7 Four-stratum repli-ca-tion ta-ble (MONDO, Med-Gen,
 []


Underfull \hbox (badness 10000) in paragraph at lines 48--48
[]|$\OT1/cmtt/m/n/7 5 a 6 1 a f b 9 1 9 8 8 c 1 c 2 b 2 4 6 b f 5 0 a e 1 6 b b
 9 9 3 2
 []


Underfull \hbox (badness 10000) in paragraph at lines 48--48
[]|$\OT1/cmtt/m/n/7 5 4 0 2 a 4 5 9 c 4 4 4 3 6 d 7 0 7 a d 3 9 3 7 6 5 7 5 0 3
 e a 6 b
 []


Underfull \hbox (badness 10000) in paragraph at lines 48--48
[]|$\OT1/cmtt/m/n/7 6 a 0 1 c 2 a 3 1 1 5 1 b d b 1 6 b 8 3 2 3 2 b 3 b 4 f 5 7
 8 8 6 b
 []


Underfull \hbox (badness 10000) in paragraph at lines 48--48
[]|$\OT1/cmtt/m/n/7 2 d 0 6 8 f e e 2 b f 4 f 5 6 2 3 3 e 1 c 3 b c 1 8 3 8 9 d
 c 4 2 a
 []


Underfull \hbox (badness 10000) in paragraph at lines 48--48
[]|$\OT1/cmtt/m/n/7 5 8 f 8 5 a 8 4 8 4 2 b 4 2 9 f e 2 2 9 e 2 2 d 9 a 0 c 3 9
 5 5 e 9
 []


Underfull \hbox (badness 10000) in paragraph at lines 48--48
[]|$\OT1/cmtt/m/n/7 e 4 6 3 e 1 2 6 8 1 4 8 5 2 1 f f 4 5 5 a 7 6 f e b a 1 a 7
 e 6 e 2
 []


Underfull \hbox (badness 10000) in paragraph at lines 48--48
[]|$\OT1/cmtt/m/n/7 c 5 6 9 e 4 d f b 5 9 d 5 b 5 a d b e 5 0 b 2 b 2 d 3 f b b
 d 5 5 9
 []


Underfull \hbox (badness 10000) in paragraph at lines 48--48
[]|$\OT1/cmtt/m/n/7 6 4 0 6 9 a d e 2 c 6 7 5 8 7 3 1 5 3 e b 8 c b 1 9 8 b 9 d
 4 b 0 2
 []


Underfull \hbox (badness 10000) in paragraph at lines 48--48
[]|\OT1/ptm/m/n/7 Competing-risk trans-port and ab-sten-tion:
 []


Underfull \hbox (badness 10000) in paragraph at lines 48--48
[]|$\OT1/cmtt/m/n/7 4 7 1 e 5 d 4 c 9 a 8 0 3 a 8 8 4 8 3 c 8 7 8 5 8 3 a 5 1 0
 1 c 5 3
 []


Underfull \hbox (badness 10000) in paragraph at lines 48--48
[]|$\OT1/cmtt/m/n/7 7 2 5 f 7 5 c 1 6 3 7 b 8 0 4 0 3 8 2 d 8 3 6 d 4 4 4 c c c
 1 9 6 f
 []


Underfull \hbox (badness 10000) in paragraph at lines 48--48
[]|$\OT1/cmtt/m/n/7 b 1 f 0 d 7 5 e 6 d c d b d 3 f a d 6 c 9 b 2 0 e 8 f 8 e 5
 c a d 7
 []

[18] [19] [20] [21] [22]
LaTeX Font Info:    Trying to load font information for TS1+ptm on input line 5
8.

(/usr/share/texlive/texmf-dist/tex/latex/psnfss/ts1ptm.fd
File: ts1ptm.fd 2001/06/04 font definitions for TS1/ptm.
) [23]
(./DOC-2-096-R0-R4-paper.aux) ) 
Here is how much of TeX's memory you used:
 2570 strings out of 480247
 41470 string characters out of 5896151
 365556 words of memory out of 5000000
 20480 multiletter control sequences out of 15000+600000
 498524 words of font info for 83 fonts, out of 8000000 for 9000
 14 hyphenation exceptions out of 8191
 55i,11n,62p,3083b,494s stack positions out of 5000i,500n,10000p,200000b,80000s
{/usr/share/texlive/texmf-dist/fonts/enc/dvips/b
ase/8r.enc}</usr/share/texlive/texmf-dist/fonts/type1/public/amsfonts/cm/cmmi10
.pfb></usr/share/texlive/texmf-dist/fonts/type1/public/amsfonts/cm/cmsy10.pfb><
/usr/share/texlive/texmf-dist/fonts/type1/public/amsfonts/cm/cmtt10.pfb></usr/s
hare/texlive/texmf-dist/fonts/type1/public/amsfonts/cm/cmtt8.pfb></usr/share/te
xlive/texmf-dist/fonts/type1/urw/times/utmb8a.pfb></usr/share/texlive/texmf-dis
t/fonts/type1/urw/times/utmr8a.pfb>
Output written on DOC-2-096-R0-R4-paper.pdf (23 pages, 294905 bytes).
PDF statistics:
 116 PDF objects out of 1000 (max. 8388607)
 72 compressed objects within 1 object stream
 0 named destinations out of 1000 (max. 500000)
 16 words of extra memory for PDF output out of 10000 (max. 10000000)

