101 1865 {'pantompkins1985': 1868, 'hamilton2002': 1868, 'elgendi2010': 1868, 'christov2004': 8029, 'neurokit': 1865}
106 2027 {'pantompkins1985': 2027, 'hamilton2002': 2007, 'elgendi2010': 2085, 'christov2004': 6241, 'neurokit': 2031}
108 1763 {'pantompkins1985': 1947, 'hamilton2002': 2055, 'elgendi2010': 1806, 'christov2004': 7899, 'neurokit': 1744}
109 2532 {'pantompkins1985': 2529, 'hamilton2002': 2527, 'elgendi2010': 2531, 'christov2004': 2529, 'neurokit': 2531}
112 2539 {'pantompkins1985': 2539, 'hamilton2002': 2540, 'elgendi2010': 2539, 'christov2004': 2539, 'neurokit': 2539}
114 1879 {'pantompkins1985': 1884, 'hamilton2002': 1882, 'elgendi2010': 1904, 'christov2004': 4308, 'neurokit': 1881}
115 1953 {'pantompkins1985': 1953, 'hamilton2002': 1991, 'elgendi2010': 1952, 'christov2004': 1954, 'neurokit': 1953}
116 2412 {'pantompkins1985': 2390, 'hamilton2002': 2391, 'elgendi2010': 2410, 'christov2004': 5099, 'neurokit': 2400}
118 2278 {'pantompkins1985': 2278, 'hamilton2002': 2279, 'elgendi2010': 2284, 'christov2004': 8379, 'neurokit': 2277}
119 1987 {'pantompkins1985': 1988, 'hamilton2002': 1988, 'elgendi2010': 1995, 'christov2004': 1990, 'neurokit': 1988}
122 2476 {'pantompkins1985': 2476, 'hamilton2002': 2476, 'elgendi2010': 2476, 'christov2004': 2477, 'neurokit': 2475}
124 1619 {'pantompkins1985': 1620, 'hamilton2002': 1612, 'elgendi2010': 1623, 'christov2004': 1619, 'neurokit': 1603}
201 1963 {'pantompkins1985': 1913, 'hamilton2002': 1894, 'elgendi2010': 2035, 'christov2004': 1941, 'neurokit': 2020}
203 2980 {'pantompkins1985': 2942, 'hamilton2002': 2935, 'elgendi2010': 2915, 'christov2004': 7786, 'neurokit': 2769}
205 2656 {'pantompkins1985': 2651, 'hamilton2002': 2648, 'elgendi2010': 2645, 'christov2004': 2649, 'neurokit': 2624}
207 1860 {'pantompkins1985': 2084, 'hamilton2002': 2013, 'elgendi2010': 2187, 'christov2004': 8568, 'neurokit': 1387}
208 2955 {'pantompkins1985': 2933, 'hamilton2002': 2186, 'elgendi2010': 2865, 'christov2004': 8248, 'neurokit': 2949}
209 3005 {'pantompkins1985': 3005, 'hamilton2002': 3006, 'elgendi2010': 3005, 'christov2004': 3005, 'neurokit': 3005}
215 3363 {'pantompkins1985': 3362, 'hamilton2002': 3360, 'elgendi2010': 3360, 'christov2004': 3363, 'neurokit': 3359}
220 2048 {'pantompkins1985': 2048, 'hamilton2002': 2048, 'elgendi2010': 2048, 'christov2004': 2047, 'neurokit': 2047}
223 2605 {'pantompkins1985': 2604, 'hamilton2002': 2595, 'elgendi2010': 2605, 'christov2004': 2603, 'neurokit': 2605}
230 2256 {'pantompkins1985': 2256, 'hamilton2002': 2256, 'elgendi2010': 2256, 'christov2004': 7167, 'neurokit': 2255}
100 2273 {'pantompkins1985': 2272, 'hamilton2002': 2272, 'elgendi2010': 2272, 'christov2004': 2278, 'neurokit': 2270}
103 2084 {'pantompkins1985': 2081, 'hamilton2002': 2081, 'elgendi2010': 2085, 'christov2004': 2084, 'neurokit': 2084}
105 2572 {'pantompkins1985': 2602, 'hamilton2002': 2595, 'elgendi2010': 2586, 'christov2004': 2618, 'neurokit': 2561}
111 2124 {'pantompkins1985': 2124, 'hamilton2002': 2125, 'elgendi2010': 2124, 'christov2004': 2122, 'neurokit': 2124}
113 1795 {'pantompkins1985': 1796, 'hamilton2002': 1795, 'elgendi2010': 1794, 'christov2004': 1796, 'neurokit': 2833}
117 1535 {'pantompkins1985': 1535, 'hamilton2002': 1649, 'elgendi2010': 1535, 'christov2004': 1536, 'neurokit': 1534}
121 1863 {'pantompkins1985': 1863, 'hamilton2002': 1865, 'elgendi2010': 1864, 'christov2004': 1864, 'neurokit': 1862}
123 1518 {'pantompkins1985': 1515, 'hamilton2002': 1515, 'elgendi2010': 1527, 'christov2004': 8774, 'neurokit': 1518}
200 2601 {'pantompkins1985': 2602, 'hamilton2002': 2597, 'elgendi2010': 2614, 'christov2004': 2596, 'neurokit': 2597}
202 2136 {'pantompkins1985': 2132, 'hamilton2002': 2123, 'elgendi2010': 2163, 'christov2004': 2137, 'neurokit': 2135}
210 2650 {'pantompkins1985': 2628, 'hamilton2002': 2569, 'elgendi2010': 2631, 'christov2004': 8521, 'neurokit': 2551}
212 2748 {'pantompkins1985': 2748, 'hamilton2002': 2750, 'elgendi2010': 2747, 'christov2004': 2748, 'neurokit': 2748}
213 3251 {'pantompkins1985': 3250, 'hamilton2002': 3232, 'elgendi2010': 3249, 'christov2004': 3257, 'neurokit': 3244}
214 2262 {'pantompkins1985': 2258, 'hamilton2002': 2257, 'elgendi2010': 2269, 'christov2004': 8641, 'neurokit': 2259}
219 2154 {'pantompkins1985': 2155, 'hamilton2002': 2138, 'elgendi2010': 2213, 'christov2004': 2149, 'neurokit': 2154}
221 2427 {'pantompkins1985': 2421, 'hamilton2002': 2409, 'elgendi2010': 2469, 'christov2004': 2425, 'neurokit': 2424}
222 2483 {'pantompkins1985': 2487, 'hamilton2002': 2489, 'elgendi2010': 2507, 'christov2004': 8788, 'neurokit': 2484}
228 2053 {'pantompkins1985': 2073, 'hamilton2002': 2069, 'elgendi2010': 2147, 'christov2004': 4333, 'neurokit': 2064}
231 1571 {'pantompkins1985': 1571, 'hamilton2002': 1572, 'elgendi2010': 2003, 'christov2004': 1572, 'neurokit': 1981}
232 1780 {'pantompkins1985': 1788, 'hamilton2002': 1794, 'elgendi2010': 2332, 'christov2004': 1789, 'neurokit': 1844}
233 3079 {'pantompkins1985': 3074, 'hamilton2002': 3068, 'elgendi2010': 3074, 'christov2004': 8850, 'neurokit': 3072}
234 2753 {'pantompkins1985': 2753, 'hamilton2002': 2749, 'elgendi2010': 2750, 'christov2004': 2752, 'neurokit': 2753}
