dev 0 0.2 0.503
dev 0 0.35 0.5063
dev 0 0.5 0.5244
dev 0 0.65 0.5915
dev 0.25 0.2 0.5028
dev 0.25 0.35 0.5058
dev 0.25 0.5 0.5356
dev 0.25 0.65 0.7133
dev 0.5 0.2 0.5033
dev 0.5 0.35 0.5153
dev 0.5 0.5 0.6247
dev 0.5 0.65 0.8056
dev 1 0.2 0.5375
dev 1 0.35 0.6133
dev 1 0.5 0.7542
dev 1 0.65 0.8252
101 {'B': (1833, 16, 26), 'M': (1857, 9, 2)}
103 {'B': (2061, 8, 17), 'M': (2078, 5, 0)}
105 {'B': (2534, 55, 31), 'M': (2489, 180, 76)}
107 {'B': (2115, 15, 16), 'M': (2027, 138, 104)}
109 {'B': (2485, 14, 39), 'M': (2141, 30, 383)}
112 {'B': (2491, 9, 41), 'M': (2532, 7, 0)}
114 {'B': (1870, 15, 5), 'M': (806, 1405, 1069)}
116 {'B': (2354, 9, 52), 'M': (1347, 35, 1059)}
118 {'B': (2266, 9, 6), 'M': (2162, 145, 110)}
121 {'B': (1832, 20, 26), 'M': (1856, 7, 2)}
123 {'B': (1493, 6, 21), 'M': (1495, 44, 19)}
200 {'B': (2561, 80, 33), 'M': (1747, 539, 847)}
202 {'B': (2116, 6, 16), 'M': (1694, 293, 438)}
205 {'B': (2618, 8, 31), 'M': (2229, 26, 420)}
208 {'B': (2882, 41, 65), 'M': (1861, 350, 1086)}
210 {'B': (2626, 45, 16), 'M': (2194, 552, 448)}
213 {'B': (3204, 10, 38), 'M': (2981, 21, 261)}
215 {'B': (3341, 13, 13), 'M': (3120, 103, 234)}
219 {'B': (2112, 8, 36), 'M': (1689, 539, 459)}
221 {'B': (2410, 11, 11), 'M': (1800, 848, 621)}
223 {'B': (2509, 8, 90), 'M': (2069, 137, 530)}
230 {'B': (2184, 7, 65), 'M': (2249, 7, 0)}
232 {'B': (1766, 29, 10), 'M': (1315, 684, 461)}
234 {'B': (2737, 8, 8), 'M': (2742, 14, 3)}
{"lam": 1, "thr": 0.65, "f1_base": 0.9898036187501097, "f1_mfdp": 0.8679616865097126, "diff": -0.12184193224039708, "ci": [-0.18145376448890296, -0.07178731004798146], "verdict": "NEGATIVE"}
