1 [0.9917, 0.9901, 0.9502, 0.9336, 0.9876, 0.9879]
2 [0.9917, 0.9871, 0.9668, 0.9506, 0.9959, 0.9966]
3 [0.9959, 0.9936, 0.9627, 0.9464, 0.9959, 0.9936]
4 [0.9917, 0.9901, 0.9793, 0.9784, 0.9834, 0.9773]
5 [0.9876, 0.9834, 0.971, 0.9646, 0.9917, 0.9913]
6 [1.0, 1.0, 0.9834, 0.9828, 1.0, 1.0]
7 [0.9959, 0.9948, 0.9461, 0.9161, 0.9959, 0.9948]
8 [0.9834, 0.9729, 0.9793, 0.97, 0.9917, 0.9882]
9 [0.9917, 0.9929, 0.9917, 0.99, 0.9834, 0.9842]
10 [0.9959, 0.9933, 0.9751, 0.9715, 0.9959, 0.9964]
11 [0.9876, 0.9802, 0.9876, 0.9833, 0.9959, 0.9964]
12 [0.9876, 0.9802, 0.9876, 0.9823, 0.9917, 0.99]
13 [0.9959, 0.9936, 0.9834, 0.9817, 0.9959, 0.9966]
14 [0.9959, 0.9964, 0.9419, 0.9167, 0.9917, 0.9898]
15 [0.9917, 0.987, 0.971, 0.9671, 0.9917, 0.9883]
16 [0.9917, 0.993, 0.9917, 0.993, 0.9959, 0.9965]
17 [0.9834, 0.9821, 0.9876, 0.9881, 0.9917, 0.9918]
18 [0.9917, 0.9929, 0.971, 0.9689, 0.9917, 0.9929]
19 [0.9876, 0.9811, 0.9834, 0.9806, 1.0, 1.0]
20 [0.9917, 0.9873, 0.9751, 0.9697, 0.9959, 0.9966]
{"SSP-B1": {"diff": 0.0016597510373443924, "ci": [-0.0006224066390041749, 0.0039419087136929485], "wins": 9, "losses": 4}, "SSP-B2": {"diff": 0.018879668049792554, "ci": [0.012863070539419087, 0.025518672199170173], "wins": 19, "losses": 1}, "acc_b1": 0.99149377593361, "acc_b2": 0.9742738589211617, "acc_ssp": 0.9931535269709544, "f1_b1": 0.9886043309744172, "f1_b2": 0.9667774160790727, "f1_ssp": 0.9924622652155799, "verdict": "NULL"}
