{
 "n_genes": 8124,
 "n_query": 8124,
 "n_pathways": 1038,
 "mean_partner_rate": 0.014040194297268372,
 "auroc_PCC": 0.6085789360740012,
 "p50_PCC": 0.07496553421959626,
 "auroc_SCC": 0.5927152159155579,
 "p50_SCC": 0.06625553914327917,
 "auroc_MR": 0.6115288832862562,
 "p50_MR": 0.07384539635647465,
 "auroc_CLR": 0.6089884579018384,
 "p50_CLR": 0.07253815854258987,
 "d_auc_MR_PCC": 0.002949947212255055,
 "ci1": [
  0.002002622186771633,
  0.0038685698570736777
 ],
 "d_p50_MR_PCC": -0.0011201378631216091,
 "ci2": [
  -0.0017159650418512693,
  -0.0005539143279174573
 ],
 "d_auc_MR_CLR": 0.002540425384417788,
 "ci3": [
  0.0021659802090494536,
  0.00289157030126177
 ],
 "gates": {
  "G1": false,
  "G2": false,
  "G3": true
 }
}
