mcsa accs 988
external proteins 932
train pool 3000
Warning: You are sending unauthenticated requests to the HF Hub. Please set a HF_TOKEN to enable higher rate limits and faster downloads.
Loading weights:   0%|          | 0/107 [00:00<?, ?it/s]Loading weights: 100%|██████████| 107/107 [00:00<00:00, 4658.74it/s]
emb 0
emb 500
emb 1000
emb 1500
emb 2000
emb 2500
/home/sandbox/exp200/171-protein-xai/code/pivot1.py:66: UserWarning: To copy construct from a tensor, it is recommended to use sourceTensor.detach().clone() or sourceTensor.detach().clone().requires_grad_(True), rather than torch.tensor(sourceTensor).
  tr=torch.where(~V)[0];va=torch.where(V)[0];pw=torch.tensor((Y[tr]==0).sum()/(Y[tr]==1).sum());best=(-1,None)
val AP 0.5508624764643727 b1 sign -1
scored ext
{
 "n_ext": 932,
 "n_ext_sites": 4564,
 "val_AP": 0.5508624764643727,
 "AUPRC_model": 0.20541723937487436,
 "AUPRC_B1_wtmarginal": 0.0359542237850415,
 "AUPRC_B2_propensity": 0.0452580280706648,
 "best_baseline": "b2",
 "diff": 0.16015921130420957,
 "diff_CI": [
  0.14551773532979007,
  0.17648841355167078
 ],
 "median_protein_AUROC": 0.9039817417724394,
 "G2_mean": 0.7756267861286421,
 "G2_n": 930,
 "G2_p": 1.9926288174640803e-144,
 "top5_recall": {
  "reactant": [
   0.40710382513661203,
   1464
  ],
  "spectator": [
   0.20258064516129032,
   3100
  ]
 },
 "P1_G1": true,
 "P1_G2": true
}
