{
 "n_query": 2826,
 "auc": {
  "RAW": 0.7435353672070488,
  "EVAL": 0.745463256582331,
  "RP": 0.69902676640328
 },
 "roc50": {
  "RAW": 0.2721526550552657,
  "EVAL": 0.27842564287500493,
  "RP": 0.2747940640720683
 },
 "d1": -0.04643649017905105,
 "ci1": [
  -0.051682509750354585,
  -0.04102957015025438
 ],
 "d2": -0.0036315788029366303,
 "ci2": [
  -0.008082076691578868,
  0.0009566931050581491
 ],
 "frac_rp_ge": 0.4186128803963199,
 "n_edges": 29945,
 "gates": {
  "P1": false,
  "P2": false
 }
}
