train 60295 1222864 test 8582 1222635
unique train rows 3031 16148
fit done
boot 0
boot 100
boot 200
boot 300
boot 400
boot 500
boot 600
boot 700
boot 800
boot 900
{
 "n_train_pos": 60295,
 "n_train_neg": 1222864,
 "n_test_pos": 8582,
 "n_test_neg": 1222635,
 "auprc_PWM": 0.24059119374726778,
 "fpr90_PWM": 0.08545968338874643,
 "auprc_WAM": 0.27060154846382706,
 "fpr90_WAM": 0.0641303414346882,
 "auprc_MAXENT": 0.2853831865486271,
 "fpr90_MAXENT": 0.05335607110871192,
 "check_wap_equals_sklearn": [
  0.24059119374726778,
  0.270601548463827,
  0.2853831865486271
 ],
 "d_auprc_MAXENT_PWM": 0.044791992801359315,
 "ci1": [
  0.04036781124723994,
  0.04977935610571344
 ],
 "d_auprc_WAM_PWM": 0.030010354716559273,
 "ci2": [
  0.026930737913834275,
  0.03338638716535893
 ],
 "d_fpr90_PWM_MAXENT": 0.03210361228003451,
 "ci3": [
  0.029108012612104182,
  0.03501643990234208
 ],
 "gates": {
  "G1": true,
  "G2": true,
  "G3": true
 }
}
